Downloading [1/1] artifacts (0 B / 0 B)
Downloading [2/2] artifacts (0 B / 0 B)
Downloading [2/2] artifacts (0 B / 1.9 KiB)
Downloading [2/2] artifacts (0 B / 3.6 KiB)
Downloading [2/2] artifacts (909 B / 3.6 KiB)
Downloading [2/2] artifacts (1.9 KiB / 3.6 KiB)
Downloading [2/2] artifacts (1.9 KiB / 3.6 KiB)
Downloading [2/2] artifacts (3.6 KiB / 3.6 KiB)
Downloading [2/2] artifacts (3.6 KiB / 3.6 KiB)
Downloading [1/1] artifacts (0 B / 0 B)
Downloading [2/2] artifacts (0 B / 0 B)
Downloading [2/2] artifacts (0 B / 8.8 MiB)
Downloading [2/2] artifacts (890 B / 8.8 MiB)
Downloading [2/2] artifacts (2.2 KiB / 8.8 MiB)
Downloading [2/2] artifacts (3.5 KiB / 8.8 MiB)
Downloading [2/2] artifacts (4.9 KiB / 8.8 MiB)
Downloading [2/2] artifacts (6.2 KiB / 8.8 MiB)
Downloading [2/2] artifacts (7.6 KiB / 8.8 MiB)
Downloading [2/2] artifacts (8.9 KiB / 8.8 MiB)
Downloading [2/2] artifacts (8.9 KiB / 8.8 MiB)
Downloading [2/2] artifacts (10.2 KiB / 8.8 MiB)
Downloading [2/2] artifacts (11.6 KiB / 8.8 MiB)
Downloading [2/2] artifacts (11.9 KiB / 8.8 MiB)
Downloading [2/2] artifacts (13.2 KiB / 8.8 MiB)
Downloading [2/2] artifacts (13.2 KiB / 8.8 MiB)
Downloading [2/2] artifacts (14.5 KiB / 8.8 MiB)
Downloading [2/2] artifacts (15.9 KiB / 8.8 MiB)
Downloading [2/2] artifacts (17.2 KiB / 8.8 MiB)
Downloading [2/2] artifacts (18.6 KiB / 8.8 MiB)
Downloading [2/2] artifacts (19.9 KiB / 8.8 MiB)
Downloading [2/2] artifacts (21.2 KiB / 8.8 MiB)
Downloading [2/2] artifacts (22.6 KiB / 8.8 MiB)
Downloading [2/2] artifacts (23.9 KiB / 8.8 MiB)
Downloading [2/2] artifacts (25.2 KiB / 8.8 MiB)
Downloading [2/2] artifacts (26.6 KiB / 8.8 MiB)
Downloading [2/2] artifacts (27.9 KiB / 8.8 MiB)
Downloading [2/2] artifacts (29.3 KiB / 8.8 MiB)
Downloading [2/2] artifacts (30.6 KiB / 8.8 MiB)
Downloading [2/2] artifacts (31.9 KiB / 8.8 MiB)
Downloading [2/2] artifacts (33.3 KiB / 8.8 MiB)
Downloading [2/2] artifacts (34.6 KiB / 8.8 MiB)
Downloading [2/2] artifacts (35.9 KiB / 8.8 MiB)
Downloading [2/2] artifacts (37.3 KiB / 8.8 MiB)
Downloading [2/2] artifacts (38.6 KiB / 8.8 MiB)
Downloading [2/2] artifacts (40.0 KiB / 8.8 MiB)
Downloading [2/2] artifacts (41.3 KiB / 8.8 MiB)
Downloading [2/2] artifacts (42.6 KiB / 8.8 MiB)
Downloading [2/2] artifacts (44.0 KiB / 8.8 MiB)
Downloading [2/2] artifacts (45.3 KiB / 8.8 MiB)
Downloading [2/2] artifacts (49.4 KiB / 8.8 MiB)
Downloading [2/2] artifacts (53.6 KiB / 8.8 MiB)
Downloading [2/2] artifacts (55.9 KiB / 8.8 MiB)
Downloading [2/2] artifacts (60.0 KiB / 8.8 MiB)
Downloading [2/2] artifacts (64.1 KiB / 8.8 MiB)
Downloading [2/2] artifacts (68.2 KiB / 8.8 MiB)
Downloading [2/2] artifacts (72.4 KiB / 8.8 MiB)
Downloading [2/2] artifacts (76.5 KiB / 8.8 MiB)
Downloading [2/2] artifacts (80.6 KiB / 8.8 MiB)
Downloading [2/2] artifacts (84.8 KiB / 8.8 MiB)
Downloading [2/2] artifacts (88.9 KiB / 8.8 MiB)
Downloading [2/2] artifacts (93.0 KiB / 8.8 MiB)
Downloading [2/2] artifacts (97.2 KiB / 8.8 MiB)
Downloading [2/2] artifacts (101.3 KiB / 8.8 MiB)
Downloading [2/2] artifacts (105.4 KiB / 8.8 MiB)
Downloading [2/2] artifacts (109.5 KiB / 8.8 MiB)
Downloading [2/2] artifacts (113.7 KiB / 8.8 MiB)
Downloading [2/2] artifacts (117.8 KiB / 8.8 MiB)
Downloading [2/2] artifacts (121.9 KiB / 8.8 MiB)
Downloading [2/2] artifacts (126.1 KiB / 8.8 MiB)
Downloading [2/2] artifacts (130.2 KiB / 8.8 MiB)
Downloading [2/2] artifacts (134.3 KiB / 8.8 MiB)
Downloading [2/2] artifacts (138.5 KiB / 8.8 MiB)
Downloading [2/2] artifacts (142.6 KiB / 8.8 MiB)
Downloading [2/2] artifacts (146.7 KiB / 8.8 MiB)
Downloading [2/2] artifacts (150.8 KiB / 8.8 MiB)
Downloading [2/2] artifacts (155.0 KiB / 8.8 MiB)
Downloading [2/2] artifacts (159.1 KiB / 8.8 MiB)
Downloading [2/2] artifacts (163.2 KiB / 8.8 MiB)
Downloading [2/2] artifacts (167.4 KiB / 8.8 MiB)
Downloading [2/2] artifacts (171.5 KiB / 8.8 MiB)
Downloading [2/2] artifacts (175.6 KiB / 8.8 MiB)
Downloading [2/2] artifacts (179.8 KiB / 8.8 MiB)
Downloading [2/2] artifacts (183.9 KiB / 8.8 MiB)
Downloading [2/2] artifacts (188.0 KiB / 8.8 MiB)
Downloading [2/2] artifacts (192.1 KiB / 8.8 MiB)
Downloading [2/2] artifacts (196.2 KiB / 8.8 MiB)
Downloading [2/2] artifacts (200.4 KiB / 8.8 MiB)
Downloading [2/2] artifacts (204.5 KiB / 8.8 MiB)
Downloading [2/2] artifacts (208.6 KiB / 8.8 MiB)
Downloading [2/2] artifacts (224.6 KiB / 8.8 MiB)
Downloading [2/2] artifacts (240.6 KiB / 8.8 MiB)
Downloading [2/2] artifacts (256.6 KiB / 8.8 MiB)
Downloading [2/2] artifacts (260.0 KiB / 8.8 MiB)
Downloading [2/2] artifacts (276.0 KiB / 8.8 MiB)
Downloading [2/2] artifacts (292.0 KiB / 8.8 MiB)
Downloading [2/2] artifacts (308.0 KiB / 8.8 MiB)
Downloading [2/2] artifacts (324.0 KiB / 8.8 MiB)
Downloading [2/2] artifacts (340.0 KiB / 8.8 MiB)
Downloading [2/2] artifacts (356.0 KiB / 8.8 MiB)
Downloading [2/2] artifacts (372.0 KiB / 8.8 MiB)
Downloading [2/2] artifacts (388.0 KiB / 8.8 MiB)
Downloading [2/2] artifacts (404.0 KiB / 8.8 MiB)
Downloading [2/2] artifacts (420.0 KiB / 8.8 MiB)
Downloading [2/2] artifacts (436.0 KiB / 8.8 MiB)
Downloading [2/2] artifacts (452.0 KiB / 8.8 MiB)
Downloading [2/2] artifacts (468.0 KiB / 8.8 MiB)
Downloading [2/2] artifacts (484.0 KiB / 8.8 MiB)
Downloading [2/2] artifacts (500.0 KiB / 8.8 MiB)
Downloading [2/2] artifacts (516.0 KiB / 8.8 MiB)
Downloading [2/2] artifacts (532.0 KiB / 8.8 MiB)
Downloading [2/2] artifacts (548.0 KiB / 8.8 MiB)
Downloading [2/2] artifacts (564.0 KiB / 8.8 MiB)
Downloading [2/2] artifacts (580.0 KiB / 8.8 MiB)
Downloading [2/2] artifacts (581.2 KiB / 8.8 MiB)
Downloading [2/2] artifacts (597.2 KiB / 8.8 MiB)
Downloading [2/2] artifacts (613.2 KiB / 8.8 MiB)
Downloading [2/2] artifacts (616.9 KiB / 8.8 MiB)
Downloading [2/2] artifacts (632.9 KiB / 8.8 MiB)
Downloading [2/2] artifacts (648.9 KiB / 8.8 MiB)
Downloading [2/2] artifacts (664.9 KiB / 8.8 MiB)
Downloading [2/2] artifacts (680.9 KiB / 8.8 MiB)
Downloading [2/2] artifacts (696.9 KiB / 8.8 MiB)
Downloading [2/2] artifacts (712.9 KiB / 8.8 MiB)
Downloading [2/2] artifacts (728.9 KiB / 8.8 MiB)
Downloading [2/2] artifacts (744.9 KiB / 8.8 MiB)
Downloading [2/2] artifacts (760.9 KiB / 8.8 MiB)
Downloading [2/2] artifacts (776.9 KiB / 8.8 MiB)
Downloading [2/2] artifacts (792.9 KiB / 8.8 MiB)
Downloading [2/2] artifacts (808.9 KiB / 8.8 MiB)
Downloading [2/2] artifacts (824.9 KiB / 8.8 MiB)
Downloading [2/2] artifacts (840.9 KiB / 8.8 MiB)
Downloading [2/2] artifacts (856.9 KiB / 8.8 MiB)
Downloading [2/2] artifacts (872.9 KiB / 8.8 MiB)
Downloading [2/2] artifacts (888.9 KiB / 8.8 MiB)
Downloading [2/2] artifacts (904.9 KiB / 8.8 MiB)
Downloading [2/2] artifacts (920.9 KiB / 8.8 MiB)
Downloading [2/2] artifacts (936.9 KiB / 8.8 MiB)
Downloading [2/2] artifacts (952.9 KiB / 8.8 MiB)
Downloading [2/2] artifacts (968.9 KiB / 8.8 MiB)
Downloading [2/2] artifacts (984.9 KiB / 8.8 MiB)
Downloading [2/2] artifacts (1000.9 KiB / 8.8 MiB)
Downloading [2/2] artifacts (1016.9 KiB / 8.8 MiB)
Downloading [2/2] artifacts (1.0 MiB / 8.8 MiB)
Downloading [2/2] artifacts (1.0 MiB / 8.8 MiB)
Downloading [2/2] artifacts (1.0 MiB / 8.8 MiB)
Downloading [2/2] artifacts (1.1 MiB / 8.8 MiB)
Downloading [2/2] artifacts (1.1 MiB / 8.8 MiB)
Downloading [2/2] artifacts (1.1 MiB / 8.8 MiB)
Downloading [2/2] artifacts (1.1 MiB / 8.8 MiB)
Downloading [2/2] artifacts (1.1 MiB / 8.8 MiB)
Downloading [2/2] artifacts (1.1 MiB / 8.8 MiB)
Downloading [2/2] artifacts (1.1 MiB / 8.8 MiB)
Downloading [2/2] artifacts (1.2 MiB / 8.8 MiB)
Downloading [2/2] artifacts (1.2 MiB / 8.8 MiB)
Downloading [2/2] artifacts (1.2 MiB / 8.8 MiB)
Downloading [2/2] artifacts (1.2 MiB / 8.8 MiB)
Downloading [2/2] artifacts (1.2 MiB / 8.8 MiB)
Downloading [2/2] artifacts (1.2 MiB / 8.8 MiB)
Downloading [2/2] artifacts (1.2 MiB / 8.8 MiB)
Downloading [2/2] artifacts (1.3 MiB / 8.8 MiB)
Downloading [2/2] artifacts (1.3 MiB / 8.8 MiB)
Downloading [2/2] artifacts (1.3 MiB / 8.8 MiB)
Downloading [2/2] artifacts (1.3 MiB / 8.8 MiB)
Downloading [2/2] artifacts (1.3 MiB / 8.8 MiB)
Downloading [2/2] artifacts (1.3 MiB / 8.8 MiB)
Downloading [2/2] artifacts (1.3 MiB / 8.8 MiB)
Downloading [2/2] artifacts (1.4 MiB / 8.8 MiB)
Downloading [2/2] artifacts (1.4 MiB / 8.8 MiB)
Downloading [2/2] artifacts (1.4 MiB / 8.8 MiB)
Downloading [2/2] artifacts (1.4 MiB / 8.8 MiB)
Downloading [2/2] artifacts (1.4 MiB / 8.8 MiB)
Downloading [2/2] artifacts (1.4 MiB / 8.8 MiB)
Downloading [2/2] artifacts (1.4 MiB / 8.8 MiB)
Downloading [2/2] artifacts (1.5 MiB / 8.8 MiB)
Downloading [2/2] artifacts (1.5 MiB / 8.8 MiB)
Downloading [2/2] artifacts (1.5 MiB / 8.8 MiB)
Downloading [2/2] artifacts (1.5 MiB / 8.8 MiB)
Downloading [2/2] artifacts (1.5 MiB / 8.8 MiB)
Downloading [2/2] artifacts (1.5 MiB / 8.8 MiB)
Downloading [2/2] artifacts (1.5 MiB / 8.8 MiB)
Downloading [2/2] artifacts (1.6 MiB / 8.8 MiB)
Downloading [2/2] artifacts (1.6 MiB / 8.8 MiB)
Downloading [2/2] artifacts (1.6 MiB / 8.8 MiB)
Downloading [2/2] artifacts (1.6 MiB / 8.8 MiB)
Downloading [2/2] artifacts (1.6 MiB / 8.8 MiB)
Downloading [2/2] artifacts (1.6 MiB / 8.8 MiB)
Downloading [2/2] artifacts (1.7 MiB / 8.8 MiB)
Downloading [2/2] artifacts (1.7 MiB / 8.8 MiB)
Downloading [2/2] artifacts (1.7 MiB / 8.8 MiB)
Downloading [2/2] artifacts (1.7 MiB / 8.8 MiB)
Downloading [2/2] artifacts (1.7 MiB / 8.8 MiB)
Downloading [2/2] artifacts (1.7 MiB / 8.8 MiB)
Downloading [2/2] artifacts (1.7 MiB / 8.8 MiB)
Downloading [2/2] artifacts (1.8 MiB / 8.8 MiB)
Downloading [2/2] artifacts (1.8 MiB / 8.8 MiB)
Downloading [2/2] artifacts (1.8 MiB / 8.8 MiB)
Downloading [2/2] artifacts (1.8 MiB / 8.8 MiB)
Downloading [2/2] artifacts (1.8 MiB / 8.8 MiB)
Downloading [2/2] artifacts (1.8 MiB / 8.8 MiB)
Downloading [2/2] artifacts (1.9 MiB / 8.8 MiB)
Downloading [2/2] artifacts (1.9 MiB / 8.8 MiB)
Downloading [2/2] artifacts (1.9 MiB / 8.8 MiB)
Downloading [2/2] artifacts (1.9 MiB / 8.8 MiB)
Downloading [2/2] artifacts (1.9 MiB / 8.8 MiB)
Downloading [2/2] artifacts (1.9 MiB / 8.8 MiB)
Downloading [2/2] artifacts (1.9 MiB / 8.8 MiB)
Downloading [2/2] artifacts (2.0 MiB / 8.8 MiB)
Downloading [2/2] artifacts (2.0 MiB / 8.8 MiB)
Downloading [2/2] artifacts (2.0 MiB / 8.8 MiB)
Downloading [2/2] artifacts (2.0 MiB / 8.8 MiB)
Downloading [2/2] artifacts (2.0 MiB / 8.8 MiB)
Downloading [2/2] artifacts (2.0 MiB / 8.8 MiB)
Downloading [2/2] artifacts (2.1 MiB / 8.8 MiB)
Downloading [2/2] artifacts (2.1 MiB / 8.8 MiB)
Downloading [2/2] artifacts (2.1 MiB / 8.8 MiB)
Downloading [2/2] artifacts (2.1 MiB / 8.8 MiB)
Downloading [2/2] artifacts (2.1 MiB / 8.8 MiB)
Downloading [2/2] artifacts (2.1 MiB / 8.8 MiB)
Downloading [2/2] artifacts (2.1 MiB / 8.8 MiB)
Downloading [2/2] artifacts (2.2 MiB / 8.8 MiB)
Downloading [2/2] artifacts (2.2 MiB / 8.8 MiB)
Downloading [2/2] artifacts (2.2 MiB / 8.8 MiB)
Downloading [2/2] artifacts (2.2 MiB / 8.8 MiB)
Downloading [2/2] artifacts (2.2 MiB / 8.8 MiB)
Downloading [2/2] artifacts (2.2 MiB / 8.8 MiB)
Downloading [2/2] artifacts (2.2 MiB / 8.8 MiB)
Downloading [2/2] artifacts (2.3 MiB / 8.8 MiB)
Downloading [2/2] artifacts (2.3 MiB / 8.8 MiB)
Downloading [2/2] artifacts (2.3 MiB / 8.8 MiB)
Downloading [2/2] artifacts (2.3 MiB / 8.8 MiB)
Downloading [2/2] artifacts (2.3 MiB / 8.8 MiB)
Downloading [2/2] artifacts (2.3 MiB / 8.8 MiB)
Downloading [2/2] artifacts (2.4 MiB / 8.8 MiB)
Downloading [2/2] artifacts (2.4 MiB / 8.8 MiB)
Downloading [2/2] artifacts (2.4 MiB / 8.8 MiB)
Downloading [2/2] artifacts (2.4 MiB / 8.8 MiB)
Downloading [2/2] artifacts (2.4 MiB / 8.8 MiB)
Downloading [2/2] artifacts (2.4 MiB / 8.8 MiB)
Downloading [2/2] artifacts (2.4 MiB / 8.8 MiB)
Downloading [2/2] artifacts (2.5 MiB / 8.8 MiB)
Downloading [2/2] artifacts (2.5 MiB / 8.8 MiB)
Downloading [2/2] artifacts (2.5 MiB / 8.8 MiB)
Downloading [2/2] artifacts (2.5 MiB / 8.8 MiB)
Downloading [2/2] artifacts (2.5 MiB / 8.8 MiB)
Downloading [2/2] artifacts (2.5 MiB / 8.8 MiB)
Downloading [2/2] artifacts (2.6 MiB / 8.8 MiB)
Downloading [2/2] artifacts (2.6 MiB / 8.8 MiB)
Downloading [2/2] artifacts (2.6 MiB / 8.8 MiB)
Downloading [2/2] artifacts (2.6 MiB / 8.8 MiB)
Downloading [2/2] artifacts (2.6 MiB / 8.8 MiB)
Downloading [2/2] artifacts (2.6 MiB / 8.8 MiB)
Downloading [2/2] artifacts (2.7 MiB / 8.8 MiB)
Downloading [2/2] artifacts (2.7 MiB / 8.8 MiB)
Downloading [2/2] artifacts (2.7 MiB / 8.8 MiB)
Downloading [2/2] artifacts (2.7 MiB / 8.8 MiB)
Downloading [2/2] artifacts (2.7 MiB / 8.8 MiB)
Downloading [2/2] artifacts (2.7 MiB / 8.8 MiB)
Downloading [2/2] artifacts (2.7 MiB / 8.8 MiB)
Downloading [2/2] artifacts (2.8 MiB / 8.8 MiB)
Downloading [2/2] artifacts (2.8 MiB / 8.8 MiB)
Downloading [2/2] artifacts (2.8 MiB / 8.8 MiB)
Downloading [2/2] artifacts (2.8 MiB / 8.8 MiB)
Downloading [2/2] artifacts (2.8 MiB / 8.8 MiB)
Downloading [2/2] artifacts (2.8 MiB / 8.8 MiB)
Downloading [2/2] artifacts (2.9 MiB / 8.8 MiB)
Downloading [2/2] artifacts (2.9 MiB / 8.8 MiB)
Downloading [2/2] artifacts (2.9 MiB / 8.8 MiB)
Downloading [2/2] artifacts (2.9 MiB / 8.8 MiB)
Downloading [2/2] artifacts (2.9 MiB / 8.8 MiB)
Downloading [2/2] artifacts (2.9 MiB / 8.8 MiB)
Downloading [2/2] artifacts (2.9 MiB / 8.8 MiB)
Downloading [2/2] artifacts (3.0 MiB / 8.8 MiB)
Downloading [2/2] artifacts (3.0 MiB / 8.8 MiB)
Downloading [2/2] artifacts (3.0 MiB / 8.8 MiB)
Downloading [2/2] artifacts (3.0 MiB / 8.8 MiB)
Downloading [2/2] artifacts (3.0 MiB / 8.8 MiB)
Downloading [2/2] artifacts (3.0 MiB / 8.8 MiB)
Downloading [2/2] artifacts (3.1 MiB / 8.8 MiB)
Downloading [2/2] artifacts (3.1 MiB / 8.8 MiB)
Downloading [2/2] artifacts (3.1 MiB / 8.8 MiB)
Downloading [2/2] artifacts (3.1 MiB / 8.8 MiB)
Downloading [2/2] artifacts (3.1 MiB / 8.8 MiB)
Downloading [2/2] artifacts (3.1 MiB / 8.8 MiB)
Downloading [2/2] artifacts (3.1 MiB / 8.8 MiB)
Downloading [2/2] artifacts (3.2 MiB / 8.8 MiB)
Downloading [2/2] artifacts (3.2 MiB / 8.8 MiB)
Downloading [2/2] artifacts (3.2 MiB / 8.8 MiB)
Downloading [2/2] artifacts (3.2 MiB / 8.8 MiB)
Downloading [2/2] artifacts (3.2 MiB / 8.8 MiB)
Downloading [2/2] artifacts (3.2 MiB / 8.8 MiB)
Downloading [2/2] artifacts (3.2 MiB / 8.8 MiB)
Downloading [2/2] artifacts (3.2 MiB / 8.8 MiB)
Downloading [2/2] artifacts (3.3 MiB / 8.8 MiB)
Downloading [2/2] artifacts (3.3 MiB / 8.8 MiB)
Downloading [2/2] artifacts (3.3 MiB / 8.8 MiB)
Downloading [2/2] artifacts (3.3 MiB / 8.8 MiB)
Downloading [2/2] artifacts (3.3 MiB / 8.8 MiB)
Downloading [2/2] artifacts (3.3 MiB / 8.8 MiB)
Downloading [2/2] artifacts (3.4 MiB / 8.8 MiB)
Downloading [2/2] artifacts (3.4 MiB / 8.8 MiB)
Downloading [2/2] artifacts (3.4 MiB / 8.8 MiB)
Downloading [2/2] artifacts (3.4 MiB / 8.8 MiB)
Downloading [2/2] artifacts (3.4 MiB / 8.8 MiB)
Downloading [2/2] artifacts (3.4 MiB / 8.8 MiB)
Downloading [2/2] artifacts (3.5 MiB / 8.8 MiB)
Downloading [2/2] artifacts (3.5 MiB / 8.8 MiB)
Downloading [2/2] artifacts (3.5 MiB / 8.8 MiB)
Downloading [2/2] artifacts (3.5 MiB / 8.8 MiB)
Downloading [2/2] artifacts (3.5 MiB / 8.8 MiB)
Downloading [2/2] artifacts (3.5 MiB / 8.8 MiB)
Downloading [2/2] artifacts (3.5 MiB / 8.8 MiB)
Downloading [2/2] artifacts (3.6 MiB / 8.8 MiB)
Downloading [2/2] artifacts (3.6 MiB / 8.8 MiB)
Downloading [2/2] artifacts (3.6 MiB / 8.8 MiB)
Downloading [2/2] artifacts (3.6 MiB / 8.8 MiB)
Downloading [2/2] artifacts (3.6 MiB / 8.8 MiB)
Downloading [2/2] artifacts (3.6 MiB / 8.8 MiB)
Downloading [2/2] artifacts (3.7 MiB / 8.8 MiB)
Downloading [2/2] artifacts (3.7 MiB / 8.8 MiB)
Downloading [2/2] artifacts (3.7 MiB / 8.8 MiB)
Downloading [2/2] artifacts (3.7 MiB / 8.8 MiB)
Downloading [2/2] artifacts (3.7 MiB / 8.8 MiB)
Downloading [2/2] artifacts (3.7 MiB / 8.8 MiB)
Downloading [2/2] artifacts (3.7 MiB / 8.8 MiB)
Downloading [2/2] artifacts (3.8 MiB / 8.8 MiB)
Downloading [2/2] artifacts (3.8 MiB / 8.8 MiB)
Downloading [2/2] artifacts (3.8 MiB / 8.8 MiB)
Downloading [2/2] artifacts (3.8 MiB / 8.8 MiB)
Downloading [2/2] artifacts (3.8 MiB / 8.8 MiB)
Downloading [2/2] artifacts (3.8 MiB / 8.8 MiB)
Downloading [2/2] artifacts (3.9 MiB / 8.8 MiB)
Downloading [2/2] artifacts (3.9 MiB / 8.8 MiB)
Downloading [2/2] artifacts (3.9 MiB / 8.8 MiB)
Downloading [2/2] artifacts (3.9 MiB / 8.8 MiB)
Downloading [2/2] artifacts (3.9 MiB / 8.8 MiB)
Downloading [2/2] artifacts (3.9 MiB / 8.8 MiB)
Downloading [2/2] artifacts (4.0 MiB / 8.8 MiB)
Downloading [2/2] artifacts (4.0 MiB / 8.8 MiB)
Downloading [2/2] artifacts (4.0 MiB / 8.8 MiB)
Downloading [2/2] artifacts (4.0 MiB / 8.8 MiB)
Downloading [2/2] artifacts (4.0 MiB / 8.8 MiB)
Downloading [2/2] artifacts (4.0 MiB / 8.8 MiB)
Downloading [2/2] artifacts (4.0 MiB / 8.8 MiB)
Downloading [2/2] artifacts (4.1 MiB / 8.8 MiB)
Downloading [2/2] artifacts (4.1 MiB / 8.8 MiB)
Downloading [2/2] artifacts (4.1 MiB / 8.8 MiB)
Downloading [2/2] artifacts (4.1 MiB / 8.8 MiB)
Downloading [2/2] artifacts (4.1 MiB / 8.8 MiB)
Downloading [2/2] artifacts (4.1 MiB / 8.8 MiB)
Downloading [2/2] artifacts (4.1 MiB / 8.8 MiB)
Downloading [2/2] artifacts (4.2 MiB / 8.8 MiB)
Downloading [2/2] artifacts (4.2 MiB / 8.8 MiB)
Downloading [2/2] artifacts (4.2 MiB / 8.8 MiB)
Downloading [2/2] artifacts (4.2 MiB / 8.8 MiB)
Downloading [2/2] artifacts (4.2 MiB / 8.8 MiB)
Downloading [2/2] artifacts (4.2 MiB / 8.8 MiB)
Downloading [2/2] artifacts (4.3 MiB / 8.8 MiB)
Downloading [2/2] artifacts (4.3 MiB / 8.8 MiB)
Downloading [2/2] artifacts (4.3 MiB / 8.8 MiB)
Downloading [2/2] artifacts (4.3 MiB / 8.8 MiB)
Downloading [2/2] artifacts (4.3 MiB / 8.8 MiB)
Downloading [2/2] artifacts (4.3 MiB / 8.8 MiB)
Downloading [2/2] artifacts (4.3 MiB / 8.8 MiB)
Downloading [2/2] artifacts (4.4 MiB / 8.8 MiB)
Downloading [2/2] artifacts (4.4 MiB / 8.8 MiB)
Downloading [2/2] artifacts (4.4 MiB / 8.8 MiB)
Downloading [2/2] artifacts (4.4 MiB / 8.8 MiB)
Downloading [2/2] artifacts (4.4 MiB / 8.8 MiB)
Downloading [2/2] artifacts (4.4 MiB / 8.8 MiB)
Downloading [2/2] artifacts (4.5 MiB / 8.8 MiB)
Downloading [2/2] artifacts (4.5 MiB / 8.8 MiB)
Downloading [2/2] artifacts (4.5 MiB / 8.8 MiB)
Downloading [2/2] artifacts (4.5 MiB / 8.8 MiB)
Downloading [2/2] artifacts (4.5 MiB / 8.8 MiB)
Downloading [2/2] artifacts (4.5 MiB / 8.8 MiB)
Downloading [2/2] artifacts (4.5 MiB / 8.8 MiB)
Downloading [2/2] artifacts (4.6 MiB / 8.8 MiB)
Downloading [2/2] artifacts (4.6 MiB / 8.8 MiB)
Downloading [2/2] artifacts (4.6 MiB / 8.8 MiB)
Downloading [2/2] artifacts (4.6 MiB / 8.8 MiB)
Downloading [2/2] artifacts (4.6 MiB / 8.8 MiB)
Downloading [2/2] artifacts (4.6 MiB / 8.8 MiB)
Downloading [2/2] artifacts (4.7 MiB / 8.8 MiB)
Downloading [2/2] artifacts (4.7 MiB / 8.8 MiB)
Downloading [2/2] artifacts (4.7 MiB / 8.8 MiB)
Downloading [2/2] artifacts (4.7 MiB / 8.8 MiB)
Downloading [2/2] artifacts (4.7 MiB / 8.8 MiB)
Downloading [2/2] artifacts (4.7 MiB / 8.8 MiB)
Downloading [2/2] artifacts (4.8 MiB / 8.8 MiB)
Downloading [2/2] artifacts (4.8 MiB / 8.8 MiB)
Downloading [2/2] artifacts (4.8 MiB / 8.8 MiB)
Downloading [2/2] artifacts (4.8 MiB / 8.8 MiB)
Downloading [2/2] artifacts (4.8 MiB / 8.8 MiB)
Downloading [2/2] artifacts (4.8 MiB / 8.8 MiB)
Downloading [2/2] artifacts (4.8 MiB / 8.8 MiB)
Downloading [2/2] artifacts (4.9 MiB / 8.8 MiB)
Downloading [2/2] artifacts (4.9 MiB / 8.8 MiB)
Downloading [2/2] artifacts (4.9 MiB / 8.8 MiB)
Downloading [2/2] artifacts (4.9 MiB / 8.8 MiB)
Downloading [2/2] artifacts (4.9 MiB / 8.8 MiB)
Downloading [2/2] artifacts (4.9 MiB / 8.8 MiB)
Downloading [2/2] artifacts (4.9 MiB / 8.8 MiB)
Downloading [2/2] artifacts (5.0 MiB / 8.8 MiB)
Downloading [2/2] artifacts (5.0 MiB / 8.8 MiB)
Downloading [2/2] artifacts (5.0 MiB / 8.8 MiB)
Downloading [2/2] artifacts (5.0 MiB / 8.8 MiB)
Downloading [2/2] artifacts (5.0 MiB / 8.8 MiB)
Downloading [2/2] artifacts (5.0 MiB / 8.8 MiB)
Downloading [2/2] artifacts (5.1 MiB / 8.8 MiB)
Downloading [2/2] artifacts (5.1 MiB / 8.8 MiB)
Downloading [2/2] artifacts (5.1 MiB / 8.8 MiB)
Downloading [2/2] artifacts (5.1 MiB / 8.8 MiB)
Downloading [2/2] artifacts (5.1 MiB / 8.8 MiB)
Downloading [2/2] artifacts (5.1 MiB / 8.8 MiB)
Downloading [2/2] artifacts (5.1 MiB / 8.8 MiB)
Downloading [2/2] artifacts (5.2 MiB / 8.8 MiB)
Downloading [2/2] artifacts (5.2 MiB / 8.8 MiB)
Downloading [2/2] artifacts (5.2 MiB / 8.8 MiB)
Downloading [2/2] artifacts (5.2 MiB / 8.8 MiB)
Downloading [2/2] artifacts (5.2 MiB / 8.8 MiB)
Downloading [2/2] artifacts (5.2 MiB / 8.8 MiB)
Downloading [2/2] artifacts (5.3 MiB / 8.8 MiB)
Downloading [2/2] artifacts (5.3 MiB / 8.8 MiB)
Downloading [2/2] artifacts (5.3 MiB / 8.8 MiB)
Downloading [2/2] artifacts (5.3 MiB / 8.8 MiB)
Downloading [2/2] artifacts (5.3 MiB / 8.8 MiB)
Downloading [2/2] artifacts (5.3 MiB / 8.8 MiB)
Downloading [2/2] artifacts (5.3 MiB / 8.8 MiB)
Downloading [2/2] artifacts (5.4 MiB / 8.8 MiB)
Downloading [2/2] artifacts (5.4 MiB / 8.8 MiB)
Downloading [2/2] artifacts (5.4 MiB / 8.8 MiB)
Downloading [2/2] artifacts (5.4 MiB / 8.8 MiB)
Downloading [2/2] artifacts (5.4 MiB / 8.8 MiB)
Downloading [2/2] artifacts (5.4 MiB / 8.8 MiB)
Downloading [2/2] artifacts (5.4 MiB / 8.8 MiB)
Downloading [2/2] artifacts (5.5 MiB / 8.8 MiB)
Downloading [2/2] artifacts (5.5 MiB / 8.8 MiB)
Downloading [2/2] artifacts (5.5 MiB / 8.8 MiB)
Downloading [2/2] artifacts (5.5 MiB / 8.8 MiB)
Downloading [2/2] artifacts (5.5 MiB / 8.8 MiB)
Downloading [2/2] artifacts (5.5 MiB / 8.8 MiB)
Downloading [2/2] artifacts (5.5 MiB / 8.8 MiB)
Downloading [2/2] artifacts (5.6 MiB / 8.8 MiB)
Downloading [2/2] artifacts (5.6 MiB / 8.8 MiB)
Downloading [2/2] artifacts (5.6 MiB / 8.8 MiB)
Downloading [2/2] artifacts (5.6 MiB / 8.8 MiB)
Downloading [2/2] artifacts (5.6 MiB / 8.8 MiB)
Downloading [2/2] artifacts (5.6 MiB / 8.8 MiB)
Downloading [2/2] artifacts (5.7 MiB / 8.8 MiB)
Downloading [2/2] artifacts (5.7 MiB / 8.8 MiB)
Downloading [2/2] artifacts (5.7 MiB / 8.8 MiB)
Downloading [2/2] artifacts (5.7 MiB / 8.8 MiB)
Downloading [2/2] artifacts (5.7 MiB / 8.8 MiB)
Downloading [2/2] artifacts (5.7 MiB / 8.8 MiB)
Downloading [2/2] artifacts (5.8 MiB / 8.8 MiB)
Downloading [2/2] artifacts (5.8 MiB / 8.8 MiB)
Downloading [2/2] artifacts (5.8 MiB / 8.8 MiB)
Downloading [2/2] artifacts (5.8 MiB / 8.8 MiB)
Downloading [2/2] artifacts (5.8 MiB / 8.8 MiB)
Downloading [2/2] artifacts (5.8 MiB / 8.8 MiB)
Downloading [2/2] artifacts (5.8 MiB / 8.8 MiB)
Downloading [2/2] artifacts (5.9 MiB / 8.8 MiB)
Downloading [2/2] artifacts (5.9 MiB / 8.8 MiB)
Downloading [2/2] artifacts (5.9 MiB / 8.8 MiB)
Downloading [2/2] artifacts (5.9 MiB / 8.8 MiB)
Downloading [2/2] artifacts (5.9 MiB / 8.8 MiB)
Downloading [2/2] artifacts (5.9 MiB / 8.8 MiB)
Downloading [2/2] artifacts (6.0 MiB / 8.8 MiB)
Downloading [2/2] artifacts (6.0 MiB / 8.8 MiB)
Downloading [2/2] artifacts (6.0 MiB / 8.8 MiB)
Downloading [2/2] artifacts (6.0 MiB / 8.8 MiB)
Downloading [2/2] artifacts (6.0 MiB / 8.8 MiB)
Downloading [2/2] artifacts (6.0 MiB / 8.8 MiB)
Downloading [2/2] artifacts (6.0 MiB / 8.8 MiB)
Downloading [2/2] artifacts (6.1 MiB / 8.8 MiB)
Downloading [2/2] artifacts (6.1 MiB / 8.8 MiB)
Downloading [2/2] artifacts (6.1 MiB / 8.8 MiB)
Downloading [2/2] artifacts (6.1 MiB / 8.8 MiB)
Downloading [2/2] artifacts (6.1 MiB / 8.8 MiB)
Downloading [2/2] artifacts (6.1 MiB / 8.8 MiB)
Downloading [2/2] artifacts (6.2 MiB / 8.8 MiB)
Downloading [2/2] artifacts (6.2 MiB / 8.8 MiB)
Downloading [2/2] artifacts (6.2 MiB / 8.8 MiB)
Downloading [2/2] artifacts (6.2 MiB / 8.8 MiB)
Downloading [2/2] artifacts (6.2 MiB / 8.8 MiB)
Downloading [2/2] artifacts (6.2 MiB / 8.8 MiB)
Downloading [2/2] artifacts (6.2 MiB / 8.8 MiB)
Downloading [2/2] artifacts (6.3 MiB / 8.8 MiB)
Downloading [2/2] artifacts (6.3 MiB / 8.8 MiB)
Downloading [2/2] artifacts (6.3 MiB / 8.8 MiB)
Downloading [2/2] artifacts (6.3 MiB / 8.8 MiB)
Downloading [2/2] artifacts (6.3 MiB / 8.8 MiB)
Downloading [2/2] artifacts (6.3 MiB / 8.8 MiB)
Downloading [2/2] artifacts (6.3 MiB / 8.8 MiB)
Downloading [2/2] artifacts (6.4 MiB / 8.8 MiB)
Downloading [2/2] artifacts (6.4 MiB / 8.8 MiB)
Downloading [2/2] artifacts (6.4 MiB / 8.8 MiB)
Downloading [2/2] artifacts (6.4 MiB / 8.8 MiB)
Downloading [2/2] artifacts (6.4 MiB / 8.8 MiB)
Downloading [2/2] artifacts (6.4 MiB / 8.8 MiB)
Downloading [2/2] artifacts (6.5 MiB / 8.8 MiB)
Downloading [2/2] artifacts (6.5 MiB / 8.8 MiB)
Downloading [2/2] artifacts (6.5 MiB / 8.8 MiB)
Downloading [2/2] artifacts (6.5 MiB / 8.8 MiB)
Downloading [2/2] artifacts (6.5 MiB / 8.8 MiB)
Downloading [2/2] artifacts (6.5 MiB / 8.8 MiB)
Downloading [2/2] artifacts (6.6 MiB / 8.8 MiB)
Downloading [2/2] artifacts (6.6 MiB / 8.8 MiB)
Downloading [2/2] artifacts (6.6 MiB / 8.8 MiB)
Downloading [2/2] artifacts (6.6 MiB / 8.8 MiB)
Downloading [2/2] artifacts (6.6 MiB / 8.8 MiB)
Downloading [2/2] artifacts (6.6 MiB / 8.8 MiB)
Downloading [2/2] artifacts (6.6 MiB / 8.8 MiB)
Downloading [2/2] artifacts (6.7 MiB / 8.8 MiB)
Downloading [2/2] artifacts (6.7 MiB / 8.8 MiB)
Downloading [2/2] artifacts (6.7 MiB / 8.8 MiB)
Downloading [2/2] artifacts (6.7 MiB / 8.8 MiB)
Downloading [2/2] artifacts (6.7 MiB / 8.8 MiB)
Downloading [2/2] artifacts (6.7 MiB / 8.8 MiB)
Downloading [2/2] artifacts (6.8 MiB / 8.8 MiB)
Downloading [2/2] artifacts (6.8 MiB / 8.8 MiB)
Downloading [2/2] artifacts (6.8 MiB / 8.8 MiB)
Downloading [2/2] artifacts (6.8 MiB / 8.8 MiB)
Downloading [2/2] artifacts (6.8 MiB / 8.8 MiB)
Downloading [2/2] artifacts (6.8 MiB / 8.8 MiB)
Downloading [2/2] artifacts (6.8 MiB / 8.8 MiB)
Downloading [2/2] artifacts (6.9 MiB / 8.8 MiB)
Downloading [2/2] artifacts (6.9 MiB / 8.8 MiB)
Downloading [2/2] artifacts (6.9 MiB / 8.8 MiB)
Downloading [2/2] artifacts (6.9 MiB / 8.8 MiB)
Downloading [2/2] artifacts (6.9 MiB / 8.8 MiB)
Downloading [2/2] artifacts (6.9 MiB / 8.8 MiB)
Downloading [2/2] artifacts (7.0 MiB / 8.8 MiB)
Downloading [2/2] artifacts (7.0 MiB / 8.8 MiB)
Downloading [2/2] artifacts (7.0 MiB / 8.8 MiB)
Downloading [2/2] artifacts (7.0 MiB / 8.8 MiB)
Downloading [2/2] artifacts (7.0 MiB / 8.8 MiB)
Downloading [2/2] artifacts (7.0 MiB / 8.8 MiB)
Downloading [2/2] artifacts (7.1 MiB / 8.8 MiB)
Downloading [2/2] artifacts (7.1 MiB / 8.8 MiB)
Downloading [2/2] artifacts (7.1 MiB / 8.8 MiB)
Downloading [2/2] artifacts (7.1 MiB / 8.8 MiB)
Downloading [2/2] artifacts (7.1 MiB / 8.8 MiB)
Downloading [2/2] artifacts (7.1 MiB / 8.8 MiB)
Downloading [2/2] artifacts (7.1 MiB / 8.8 MiB)
Downloading [2/2] artifacts (7.2 MiB / 8.8 MiB)
Downloading [2/2] artifacts (7.2 MiB / 8.8 MiB)
Downloading [2/2] artifacts (7.2 MiB / 8.8 MiB)
Downloading [2/2] artifacts (7.2 MiB / 8.8 MiB)
Downloading [2/2] artifacts (7.2 MiB / 8.8 MiB)
Downloading [2/2] artifacts (7.2 MiB / 8.8 MiB)
Downloading [2/2] artifacts (7.3 MiB / 8.8 MiB)
Downloading [2/2] artifacts (7.3 MiB / 8.8 MiB)
Downloading [2/2] artifacts (7.3 MiB / 8.8 MiB)
Downloading [2/2] artifacts (7.3 MiB / 8.8 MiB)
Downloading [2/2] artifacts (7.3 MiB / 8.8 MiB)
Downloading [2/2] artifacts (7.3 MiB / 8.8 MiB)
Downloading [2/2] artifacts (7.3 MiB / 8.8 MiB)
Downloading [2/2] artifacts (7.4 MiB / 8.8 MiB)
Downloading [2/2] artifacts (7.4 MiB / 8.8 MiB)
Downloading [2/2] artifacts (7.4 MiB / 8.8 MiB)
Downloading [2/2] artifacts (7.4 MiB / 8.8 MiB)
Downloading [2/2] artifacts (7.4 MiB / 8.8 MiB)
Downloading [2/2] artifacts (7.4 MiB / 8.8 MiB)
Downloading [2/2] artifacts (7.5 MiB / 8.8 MiB)
Downloading [2/2] artifacts (7.5 MiB / 8.8 MiB)
Downloading [2/2] artifacts (7.5 MiB / 8.8 MiB)
Downloading [2/2] artifacts (7.5 MiB / 8.8 MiB)
Downloading [2/2] artifacts (7.5 MiB / 8.8 MiB)
Downloading [2/2] artifacts (7.5 MiB / 8.8 MiB)
Downloading [2/2] artifacts (7.6 MiB / 8.8 MiB)
Downloading [2/2] artifacts (7.6 MiB / 8.8 MiB)
Downloading [2/2] artifacts (7.6 MiB / 8.8 MiB)
Downloading [2/2] artifacts (7.6 MiB / 8.8 MiB)
Downloading [2/2] artifacts (7.6 MiB / 8.8 MiB)
Downloading [2/2] artifacts (7.6 MiB / 8.8 MiB)
Downloading [2/2] artifacts (7.6 MiB / 8.8 MiB)
Downloading [2/2] artifacts (7.7 MiB / 8.8 MiB)
Downloading [2/2] artifacts (7.7 MiB / 8.8 MiB)
Downloading [2/2] artifacts (7.7 MiB / 8.8 MiB)
Downloading [2/2] artifacts (7.7 MiB / 8.8 MiB)
Downloading [2/2] artifacts (7.7 MiB / 8.8 MiB)
Downloading [2/2] artifacts (7.7 MiB / 8.8 MiB)
Downloading [2/2] artifacts (7.8 MiB / 8.8 MiB)
Downloading [2/2] artifacts (7.8 MiB / 8.8 MiB)
Downloading [2/2] artifacts (7.8 MiB / 8.8 MiB)
Downloading [2/2] artifacts (7.8 MiB / 8.8 MiB)
Downloading [2/2] artifacts (7.8 MiB / 8.8 MiB)
Downloading [2/2] artifacts (7.8 MiB / 8.8 MiB)
Downloading [2/2] artifacts (7.8 MiB / 8.8 MiB)
Downloading [2/2] artifacts (7.9 MiB / 8.8 MiB)
Downloading [2/2] artifacts (7.9 MiB / 8.8 MiB)
Downloading [2/2] artifacts (7.9 MiB / 8.8 MiB)
Downloading [2/2] artifacts (7.9 MiB / 8.8 MiB)
Downloading [2/2] artifacts (7.9 MiB / 8.8 MiB)
Downloading [2/2] artifacts (7.9 MiB / 8.8 MiB)
Downloading [2/2] artifacts (7.9 MiB / 8.8 MiB)
Downloading [2/2] artifacts (8.0 MiB / 8.8 MiB)
Downloading [2/2] artifacts (8.0 MiB / 8.8 MiB)
Downloading [2/2] artifacts (8.0 MiB / 8.8 MiB)
Downloading [2/2] artifacts (8.0 MiB / 8.8 MiB)
Downloading [2/2] artifacts (8.0 MiB / 8.8 MiB)
Downloading [2/2] artifacts (8.0 MiB / 8.8 MiB)
Downloading [2/2] artifacts (8.1 MiB / 8.8 MiB)
Downloading [2/2] artifacts (8.1 MiB / 8.8 MiB)
Downloading [2/2] artifacts (8.1 MiB / 8.8 MiB)
Downloading [2/2] artifacts (8.1 MiB / 8.8 MiB)
Downloading [2/2] artifacts (8.1 MiB / 8.8 MiB)
Downloading [2/2] artifacts (8.1 MiB / 8.8 MiB)
Downloading [2/2] artifacts (8.1 MiB / 8.8 MiB)
Downloading [2/2] artifacts (8.2 MiB / 8.8 MiB)
Downloading [2/2] artifacts (8.2 MiB / 8.8 MiB)
Downloading [2/2] artifacts (8.2 MiB / 8.8 MiB)
Downloading [2/2] artifacts (8.2 MiB / 8.8 MiB)
Downloading [2/2] artifacts (8.2 MiB / 8.8 MiB)
Downloading [2/2] artifacts (8.2 MiB / 8.8 MiB)
Downloading [2/2] artifacts (8.2 MiB / 8.8 MiB)
Downloading [2/2] artifacts (8.3 MiB / 8.8 MiB)
Downloading [2/2] artifacts (8.3 MiB / 8.8 MiB)
Downloading [2/2] artifacts (8.3 MiB / 8.8 MiB)
Downloading [2/2] artifacts (8.3 MiB / 8.8 MiB)
Downloading [2/2] artifacts (8.3 MiB / 8.8 MiB)
Downloading [2/2] artifacts (8.3 MiB / 8.8 MiB)
Downloading [2/2] artifacts (8.4 MiB / 8.8 MiB)
Downloading [2/2] artifacts (8.4 MiB / 8.8 MiB)
Downloading [2/2] artifacts (8.4 MiB / 8.8 MiB)
Downloading [2/2] artifacts (8.4 MiB / 8.8 MiB)
Downloading [2/2] artifacts (8.4 MiB / 8.8 MiB)
Downloading [2/2] artifacts (8.4 MiB / 8.8 MiB)
Downloading [2/2] artifacts (8.5 MiB / 8.8 MiB)
Downloading [2/2] artifacts (8.5 MiB / 8.8 MiB)
Downloading [2/2] artifacts (8.5 MiB / 8.8 MiB)
Downloading [2/2] artifacts (8.5 MiB / 8.8 MiB)
Downloading [2/2] artifacts (8.5 MiB / 8.8 MiB)
Downloading [2/2] artifacts (8.5 MiB / 8.8 MiB)
Downloading [2/2] artifacts (8.5 MiB / 8.8 MiB)
Downloading [2/2] artifacts (8.6 MiB / 8.8 MiB)
Downloading [2/2] artifacts (8.6 MiB / 8.8 MiB)
Downloading [2/2] artifacts (8.6 MiB / 8.8 MiB)
Downloading [2/2] artifacts (8.6 MiB / 8.8 MiB)
Downloading [2/2] artifacts (8.6 MiB / 8.8 MiB)
Downloading [2/2] artifacts (8.6 MiB / 8.8 MiB)
Downloading [2/2] artifacts (8.7 MiB / 8.8 MiB)
Downloading [2/2] artifacts (8.7 MiB / 8.8 MiB)
Downloading [2/2] artifacts (8.7 MiB / 8.8 MiB)
Downloading [2/2] artifacts (8.7 MiB / 8.8 MiB)
Downloading [2/2] artifacts (8.7 MiB / 8.8 MiB)
Downloading [2/2] artifacts (8.7 MiB / 8.8 MiB)
Downloading [2/2] artifacts (8.7 MiB / 8.8 MiB)
Downloading [2/2] artifacts (8.8 MiB / 8.8 MiB)
Downloading [2/2] artifacts (8.8 MiB / 8.8 MiB)
