Downloading [1/1] artifacts (0 B / 0 B)
Downloading [2/2] artifacts (0 B / 0 B)
Downloading [2/2] artifacts (0 B / 1.7 KiB)
Downloading [2/2] artifacts (0 B / 4.7 KiB)
Downloading [2/2] artifacts (909 B / 4.7 KiB)
Downloading [2/2] artifacts (2.2 KiB / 4.7 KiB)
Downloading [2/2] artifacts (3.0 KiB / 4.7 KiB)
Downloading [2/2] artifacts (4.7 KiB / 4.7 KiB)
Downloading [2/2] artifacts (4.7 KiB / 4.7 KiB)
Downloading [2/2] artifacts (4.7 KiB / 4.7 KiB)
Downloading [3/3] artifacts (4.7 KiB / 4.7 KiB)
Downloading [4/4] artifacts (4.7 KiB / 4.7 KiB)
Downloading [4/4] artifacts (4.7 KiB / 6.6 KiB)
Downloading [4/4] artifacts (5.6 KiB / 6.6 KiB)
Downloading [4/4] artifacts (6.6 KiB / 6.6 KiB)
Downloading [4/4] artifacts (6.6 KiB / 6.6 KiB)
Downloading [4/4] artifacts (6.6 KiB / 8.8 KiB)
Downloading [4/4] artifacts (7.5 KiB / 8.8 KiB)
Downloading [4/4] artifacts (8.8 KiB / 8.8 KiB)
Downloading [4/4] artifacts (8.8 KiB / 8.8 KiB)
Downloading [1/1] artifacts (0 B / 0 B)
Downloading [2/2] artifacts (0 B / 0 B)
Downloading [3/3] artifacts (0 B / 0 B)
Downloading [4/4] artifacts (0 B / 0 B)
Downloading [4/4] artifacts (0 B / 23.5 MiB)
Downloading [4/4] artifacts (889 B / 23.5 MiB)
Downloading [4/4] artifacts (889 B / 23.5 MiB)
Downloading [4/4] artifacts (1.7 KiB / 23.5 MiB)
Downloading [4/4] artifacts (3.1 KiB / 23.5 MiB)
Downloading [4/4] artifacts (4.4 KiB / 23.5 MiB)
Downloading [4/4] artifacts (5.8 KiB / 23.5 MiB)
Downloading [4/4] artifacts (7.1 KiB / 23.5 MiB)
Downloading [4/4] artifacts (8.4 KiB / 23.5 MiB)
Downloading [4/4] artifacts (8.7 KiB / 23.5 MiB)
Downloading [4/4] artifacts (10.1 KiB / 23.5 MiB)
Downloading [4/4] artifacts (11.4 KiB / 23.5 MiB)
Downloading [4/4] artifacts (11.9 KiB / 23.5 MiB)
Downloading [4/4] artifacts (13.2 KiB / 23.5 MiB)
Downloading [4/4] artifacts (13.2 KiB / 23.5 MiB)
Downloading [4/4] artifacts (14.5 KiB / 23.5 MiB)
Downloading [4/4] artifacts (15.9 KiB / 23.5 MiB)
Downloading [4/4] artifacts (17.2 KiB / 23.5 MiB)
Downloading [4/4] artifacts (18.5 KiB / 23.5 MiB)
Downloading [4/4] artifacts (19.9 KiB / 23.5 MiB)
Downloading [4/4] artifacts (21.2 KiB / 23.5 MiB)
Downloading [4/4] artifacts (22.6 KiB / 23.5 MiB)
Downloading [4/4] artifacts (23.9 KiB / 23.5 MiB)
Downloading [4/4] artifacts (25.2 KiB / 23.5 MiB)
Downloading [4/4] artifacts (26.6 KiB / 23.5 MiB)
Downloading [4/4] artifacts (27.9 KiB / 23.5 MiB)
Downloading [4/4] artifacts (29.2 KiB / 23.5 MiB)
Downloading [4/4] artifacts (30.6 KiB / 23.5 MiB)
Downloading [4/4] artifacts (31.9 KiB / 23.5 MiB)
Downloading [4/4] artifacts (33.2 KiB / 23.5 MiB)
Downloading [4/4] artifacts (34.6 KiB / 23.5 MiB)
Downloading [4/4] artifacts (35.9 KiB / 23.5 MiB)
Downloading [4/4] artifacts (37.3 KiB / 23.5 MiB)
Downloading [4/4] artifacts (38.6 KiB / 23.5 MiB)
Downloading [4/4] artifacts (39.9 KiB / 23.5 MiB)
Downloading [4/4] artifacts (41.3 KiB / 23.5 MiB)
Downloading [4/4] artifacts (42.6 KiB / 23.5 MiB)
Downloading [4/4] artifacts (43.9 KiB / 23.5 MiB)
Downloading [4/4] artifacts (45.3 KiB / 23.5 MiB)
Downloading [4/4] artifacts (46.6 KiB / 23.5 MiB)
Downloading [4/4] artifacts (48.0 KiB / 23.5 MiB)
Downloading [4/4] artifacts (52.1 KiB / 23.5 MiB)
Downloading [4/4] artifacts (56.2 KiB / 23.5 MiB)
Downloading [4/4] artifacts (60.3 KiB / 23.5 MiB)
Downloading [4/4] artifacts (64.5 KiB / 23.5 MiB)
Downloading [4/4] artifacts (67.9 KiB / 23.5 MiB)
Downloading [4/4] artifacts (72.0 KiB / 23.5 MiB)
Downloading [4/4] artifacts (76.1 KiB / 23.5 MiB)
Downloading [4/4] artifacts (80.2 KiB / 23.5 MiB)
Downloading [4/4] artifacts (84.4 KiB / 23.5 MiB)
Downloading [4/4] artifacts (88.5 KiB / 23.5 MiB)
Downloading [4/4] artifacts (92.6 KiB / 23.5 MiB)
Downloading [4/4] artifacts (96.8 KiB / 23.5 MiB)
Downloading [4/4] artifacts (100.9 KiB / 23.5 MiB)
Downloading [4/4] artifacts (105.0 KiB / 23.5 MiB)
Downloading [4/4] artifacts (109.2 KiB / 23.5 MiB)
Downloading [4/4] artifacts (113.3 KiB / 23.5 MiB)
Downloading [4/4] artifacts (117.4 KiB / 23.5 MiB)
Downloading [4/4] artifacts (121.5 KiB / 23.5 MiB)
Downloading [4/4] artifacts (125.7 KiB / 23.5 MiB)
Downloading [4/4] artifacts (129.8 KiB / 23.5 MiB)
Downloading [4/4] artifacts (131.9 KiB / 23.5 MiB)
Downloading [4/4] artifacts (136.0 KiB / 23.5 MiB)
Downloading [4/4] artifacts (140.1 KiB / 23.5 MiB)
Downloading [4/4] artifacts (144.2 KiB / 23.5 MiB)
Downloading [4/4] artifacts (148.4 KiB / 23.5 MiB)
Downloading [4/4] artifacts (152.5 KiB / 23.5 MiB)
Downloading [4/4] artifacts (156.6 KiB / 23.5 MiB)
Downloading [4/4] artifacts (160.8 KiB / 23.5 MiB)
Downloading [4/4] artifacts (164.9 KiB / 23.5 MiB)
Downloading [4/4] artifacts (169.0 KiB / 23.5 MiB)
Downloading [4/4] artifacts (173.2 KiB / 23.5 MiB)
Downloading [4/4] artifacts (177.3 KiB / 23.5 MiB)
Downloading [4/4] artifacts (181.4 KiB / 23.5 MiB)
Downloading [4/4] artifacts (185.5 KiB / 23.5 MiB)
Downloading [4/4] artifacts (185.5 KiB / 23.6 MiB)
Downloading [4/4] artifacts (186.4 KiB / 23.6 MiB)
Downloading [4/4] artifacts (187.8 KiB / 23.6 MiB)
Downloading [4/4] artifacts (189.1 KiB / 23.6 MiB)
Downloading [4/4] artifacts (190.4 KiB / 23.6 MiB)
Downloading [4/4] artifacts (191.8 KiB / 23.6 MiB)
Downloading [4/4] artifacts (195.9 KiB / 23.6 MiB)
Downloading [4/4] artifacts (200.0 KiB / 23.6 MiB)
Downloading [4/4] artifacts (202.1 KiB / 23.6 MiB)
Downloading [4/4] artifacts (203.4 KiB / 23.6 MiB)
Downloading [4/4] artifacts (207.5 KiB / 23.6 MiB)
Downloading [4/4] artifacts (211.7 KiB / 23.6 MiB)
Downloading [4/4] artifacts (215.8 KiB / 23.6 MiB)
Downloading [4/4] artifacts (219.4 KiB / 23.6 MiB)
Downloading [4/4] artifacts (235.4 KiB / 23.6 MiB)
Downloading [4/4] artifacts (236.8 KiB / 23.6 MiB)
Downloading [4/4] artifacts (252.8 KiB / 23.6 MiB)
Downloading [4/4] artifacts (268.8 KiB / 23.6 MiB)
Downloading [4/4] artifacts (270.1 KiB / 23.6 MiB)
Downloading [4/4] artifacts (286.1 KiB / 23.6 MiB)
Downloading [4/4] artifacts (302.1 KiB / 23.6 MiB)
Downloading [4/4] artifacts (303.4 KiB / 23.6 MiB)
Downloading [4/4] artifacts (303.9 KiB / 23.6 MiB)
Downloading [4/4] artifacts (319.9 KiB / 23.6 MiB)
Downloading [4/4] artifacts (335.9 KiB / 23.6 MiB)
Downloading [4/4] artifacts (351.9 KiB / 23.6 MiB)
Downloading [4/4] artifacts (367.9 KiB / 23.6 MiB)
Downloading [4/4] artifacts (369.2 KiB / 23.6 MiB)
Downloading [4/4] artifacts (370.5 KiB / 23.6 MiB)
Downloading [4/4] artifacts (371.9 KiB / 23.6 MiB)
Downloading [4/4] artifacts (373.2 KiB / 23.6 MiB)
Downloading [4/4] artifacts (374.5 KiB / 23.6 MiB)
Downloading [4/4] artifacts (375.9 KiB / 23.6 MiB)
Downloading [4/4] artifacts (377.2 KiB / 23.6 MiB)
Downloading [4/4] artifacts (378.6 KiB / 23.6 MiB)
Downloading [4/4] artifacts (379.9 KiB / 23.6 MiB)
Downloading [4/4] artifacts (381.2 KiB / 23.6 MiB)
Downloading [4/4] artifacts (382.6 KiB / 23.6 MiB)
Downloading [4/4] artifacts (398.6 KiB / 23.6 MiB)
Downloading [4/4] artifacts (399.9 KiB / 23.6 MiB)
Downloading [4/4] artifacts (415.9 KiB / 23.6 MiB)
Downloading [4/4] artifacts (431.9 KiB / 23.6 MiB)
Downloading [4/4] artifacts (433.2 KiB / 23.6 MiB)
Downloading [4/4] artifacts (449.2 KiB / 23.6 MiB)
Downloading [4/4] artifacts (450.6 KiB / 23.6 MiB)
Downloading [4/4] artifacts (451.9 KiB / 23.6 MiB)
Downloading [4/4] artifacts (453.2 KiB / 23.6 MiB)
Downloading [4/4] artifacts (454.6 KiB / 23.6 MiB)
Downloading [4/4] artifacts (470.6 KiB / 23.6 MiB)
Downloading [4/4] artifacts (471.9 KiB / 23.6 MiB)
Downloading [4/4] artifacts (487.9 KiB / 23.6 MiB)
Downloading [4/4] artifacts (489.3 KiB / 23.6 MiB)
Downloading [4/4] artifacts (505.3 KiB / 23.6 MiB)
Downloading [4/4] artifacts (506.6 KiB / 23.6 MiB)
Downloading [4/4] artifacts (522.6 KiB / 23.6 MiB)
Downloading [4/4] artifacts (523.9 KiB / 23.6 MiB)
Downloading [4/4] artifacts (525.3 KiB / 23.6 MiB)
Downloading [4/4] artifacts (541.3 KiB / 23.6 MiB)
Downloading [4/4] artifacts (542.6 KiB / 23.6 MiB)
Downloading [4/4] artifacts (543.9 KiB / 23.6 MiB)
Downloading [4/4] artifacts (545.3 KiB / 23.6 MiB)
Downloading [4/4] artifacts (546.6 KiB / 23.6 MiB)
Downloading [4/4] artifacts (562.6 KiB / 23.6 MiB)
Downloading [4/4] artifacts (564.0 KiB / 23.6 MiB)
Downloading [4/4] artifacts (580.0 KiB / 23.6 MiB)
Downloading [4/4] artifacts (581.3 KiB / 23.6 MiB)
Downloading [4/4] artifacts (597.3 KiB / 23.6 MiB)
Downloading [4/4] artifacts (598.6 KiB / 23.6 MiB)
Downloading [4/4] artifacts (600.0 KiB / 23.6 MiB)
Downloading [4/4] artifacts (601.3 KiB / 23.6 MiB)
Downloading [4/4] artifacts (605.4 KiB / 23.6 MiB)
Downloading [4/4] artifacts (609.6 KiB / 23.6 MiB)
Downloading [4/4] artifacts (613.7 KiB / 23.6 MiB)
Downloading [4/4] artifacts (617.8 KiB / 23.6 MiB)
Downloading [4/4] artifacts (622.0 KiB / 23.6 MiB)
Downloading [4/4] artifacts (638.0 KiB / 23.6 MiB)
Downloading [4/4] artifacts (642.1 KiB / 23.6 MiB)
Downloading [4/4] artifacts (658.1 KiB / 23.6 MiB)
Downloading [4/4] artifacts (662.2 KiB / 23.6 MiB)
Downloading [4/4] artifacts (666.3 KiB / 23.6 MiB)
Downloading [4/4] artifacts (670.5 KiB / 23.6 MiB)
Downloading [4/4] artifacts (686.5 KiB / 23.6 MiB)
Downloading [4/4] artifacts (690.6 KiB / 23.6 MiB)
Downloading [4/4] artifacts (692.5 KiB / 23.6 MiB)
Downloading [4/4] artifacts (708.5 KiB / 23.6 MiB)
Downloading [4/4] artifacts (712.2 KiB / 23.6 MiB)
Downloading [4/4] artifacts (728.2 KiB / 23.6 MiB)
Downloading [4/4] artifacts (744.2 KiB / 23.6 MiB)
Downloading [4/4] artifacts (744.2 KiB / 23.6 MiB)
Downloading [4/4] artifacts (760.2 KiB / 23.6 MiB)
Downloading [4/4] artifacts (776.2 KiB / 23.6 MiB)
Downloading [4/4] artifacts (792.2 KiB / 23.6 MiB)
Downloading [4/4] artifacts (808.2 KiB / 23.6 MiB)
Downloading [4/4] artifacts (824.2 KiB / 23.6 MiB)
Downloading [4/4] artifacts (840.2 KiB / 23.6 MiB)
Downloading [4/4] artifacts (856.2 KiB / 23.6 MiB)
Downloading [4/4] artifacts (872.2 KiB / 23.6 MiB)
Downloading [4/4] artifacts (888.2 KiB / 23.6 MiB)
Downloading [4/4] artifacts (904.2 KiB / 23.6 MiB)
Downloading [4/4] artifacts (920.2 KiB / 23.6 MiB)
Downloading [4/4] artifacts (926.3 KiB / 23.6 MiB)
Downloading [4/4] artifacts (942.3 KiB / 23.6 MiB)
Downloading [4/4] artifacts (958.3 KiB / 23.6 MiB)
Downloading [4/4] artifacts (974.3 KiB / 23.6 MiB)
Downloading [4/4] artifacts (990.3 KiB / 23.6 MiB)
Downloading [4/4] artifacts (1006.3 KiB / 23.6 MiB)
Downloading [4/4] artifacts (1022.3 KiB / 23.6 MiB)
Downloading [4/4] artifacts (1.0 MiB / 23.6 MiB)
Downloading [4/4] artifacts (1.0 MiB / 23.6 MiB)
Downloading [4/4] artifacts (1.0 MiB / 23.6 MiB)
Downloading [4/4] artifacts (1.1 MiB / 23.6 MiB)
Downloading [4/4] artifacts (1.1 MiB / 23.6 MiB)
Downloading [4/4] artifacts (1.1 MiB / 23.6 MiB)
Downloading [4/4] artifacts (1.2 MiB / 32.3 MiB)
Downloading [4/4] artifacts (1.3 MiB / 32.3 MiB)
Downloading [4/4] artifacts (1.3 MiB / 32.3 MiB)
Downloading [4/4] artifacts (1.3 MiB / 32.3 MiB)
Downloading [4/4] artifacts (1.3 MiB / 32.3 MiB)
Downloading [4/4] artifacts (1.3 MiB / 32.3 MiB)
Downloading [4/4] artifacts (1.3 MiB / 32.3 MiB)
Downloading [4/4] artifacts (1.3 MiB / 32.3 MiB)
Downloading [4/4] artifacts (1.4 MiB / 32.3 MiB)
Downloading [4/4] artifacts (1.4 MiB / 32.3 MiB)
Downloading [4/4] artifacts (1.4 MiB / 32.3 MiB)
Downloading [4/4] artifacts (1.4 MiB / 32.3 MiB)
Downloading [4/4] artifacts (1.4 MiB / 32.3 MiB)
Downloading [4/4] artifacts (1.4 MiB / 32.3 MiB)
Downloading [4/4] artifacts (1.5 MiB / 32.3 MiB)
Downloading [4/4] artifacts (1.5 MiB / 32.3 MiB)
Downloading [4/4] artifacts (1.5 MiB / 32.3 MiB)
Downloading [4/4] artifacts (1.5 MiB / 32.3 MiB)
Downloading [4/4] artifacts (1.5 MiB / 32.3 MiB)
Downloading [4/4] artifacts (1.5 MiB / 32.3 MiB)
Downloading [4/4] artifacts (1.5 MiB / 32.3 MiB)
Downloading [4/4] artifacts (1.6 MiB / 32.3 MiB)
Downloading [4/4] artifacts (1.6 MiB / 32.3 MiB)
Downloading [4/4] artifacts (1.6 MiB / 32.3 MiB)
Downloading [4/4] artifacts (1.6 MiB / 32.3 MiB)
Downloading [4/4] artifacts (1.6 MiB / 32.3 MiB)
Downloading [4/4] artifacts (1.6 MiB / 32.3 MiB)
Downloading [4/4] artifacts (1.7 MiB / 32.3 MiB)
Downloading [4/4] artifacts (1.7 MiB / 32.3 MiB)
Downloading [4/4] artifacts (1.7 MiB / 32.3 MiB)
Downloading [4/4] artifacts (1.7 MiB / 32.3 MiB)
Downloading [4/4] artifacts (1.7 MiB / 32.3 MiB)
Downloading [4/4] artifacts (1.7 MiB / 32.3 MiB)
Downloading [4/4] artifacts (1.8 MiB / 32.3 MiB)
Downloading [4/4] artifacts (1.8 MiB / 32.3 MiB)
Downloading [4/4] artifacts (1.8 MiB / 32.3 MiB)
Downloading [4/4] artifacts (1.8 MiB / 32.3 MiB)
Downloading [4/4] artifacts (1.8 MiB / 32.3 MiB)
Downloading [4/4] artifacts (1.8 MiB / 32.3 MiB)
Downloading [4/4] artifacts (1.8 MiB / 32.3 MiB)
Downloading [4/4] artifacts (1.9 MiB / 32.3 MiB)
Downloading [4/4] artifacts (1.9 MiB / 32.3 MiB)
Downloading [4/4] artifacts (1.9 MiB / 32.3 MiB)
Downloading [4/4] artifacts (1.9 MiB / 32.3 MiB)
Downloading [4/4] artifacts (1.9 MiB / 32.3 MiB)
Downloading [4/4] artifacts (1.9 MiB / 32.3 MiB)
Downloading [4/4] artifacts (2.0 MiB / 32.3 MiB)
Downloading [4/4] artifacts (2.0 MiB / 32.3 MiB)
Downloading [4/4] artifacts (2.0 MiB / 32.3 MiB)
Downloading [4/4] artifacts (2.0 MiB / 32.3 MiB)
Downloading [4/4] artifacts (2.0 MiB / 32.3 MiB)
Downloading [4/4] artifacts (2.0 MiB / 32.3 MiB)
Downloading [4/4] artifacts (2.0 MiB / 32.3 MiB)
Downloading [4/4] artifacts (2.1 MiB / 32.3 MiB)
Downloading [4/4] artifacts (2.1 MiB / 32.3 MiB)
Downloading [4/4] artifacts (2.1 MiB / 32.3 MiB)
Downloading [4/4] artifacts (2.1 MiB / 32.3 MiB)
Downloading [4/4] artifacts (2.1 MiB / 32.3 MiB)
Downloading [4/4] artifacts (2.1 MiB / 32.3 MiB)
Downloading [4/4] artifacts (2.2 MiB / 32.3 MiB)
Downloading [4/4] artifacts (2.2 MiB / 32.3 MiB)
Downloading [4/4] artifacts (2.2 MiB / 32.3 MiB)
Downloading [4/4] artifacts (2.2 MiB / 32.3 MiB)
Downloading [4/4] artifacts (2.2 MiB / 32.3 MiB)
Downloading [4/4] artifacts (2.2 MiB / 32.3 MiB)
Downloading [4/4] artifacts (2.3 MiB / 32.3 MiB)
Downloading [4/4] artifacts (2.3 MiB / 32.3 MiB)
Downloading [4/4] artifacts (2.3 MiB / 32.3 MiB)
Downloading [4/4] artifacts (2.3 MiB / 32.3 MiB)
Downloading [4/4] artifacts (2.3 MiB / 32.3 MiB)
Downloading [4/4] artifacts (2.3 MiB / 32.3 MiB)
Downloading [4/4] artifacts (2.3 MiB / 32.3 MiB)
Downloading [4/4] artifacts (2.4 MiB / 32.3 MiB)
Downloading [4/4] artifacts (2.4 MiB / 32.3 MiB)
Downloading [4/4] artifacts (2.4 MiB / 32.3 MiB)
Downloading [4/4] artifacts (2.4 MiB / 32.3 MiB)
Downloading [4/4] artifacts (2.4 MiB / 32.3 MiB)
Downloading [4/4] artifacts (2.4 MiB / 32.3 MiB)
Downloading [4/4] artifacts (2.4 MiB / 32.3 MiB)
Downloading [4/4] artifacts (2.5 MiB / 32.3 MiB)
Downloading [4/4] artifacts (2.5 MiB / 32.3 MiB)
Downloading [4/4] artifacts (2.5 MiB / 32.3 MiB)
Downloading [4/4] artifacts (2.5 MiB / 32.3 MiB)
Downloading [4/4] artifacts (2.5 MiB / 32.3 MiB)
Downloading [4/4] artifacts (2.5 MiB / 32.3 MiB)
Downloading [4/4] artifacts (2.5 MiB / 32.3 MiB)
Downloading [4/4] artifacts (2.6 MiB / 32.3 MiB)
Downloading [4/4] artifacts (2.6 MiB / 32.3 MiB)
Downloading [4/4] artifacts (2.6 MiB / 32.3 MiB)
Downloading [4/4] artifacts (2.6 MiB / 32.3 MiB)
Downloading [4/4] artifacts (2.6 MiB / 32.3 MiB)
Downloading [4/4] artifacts (2.6 MiB / 32.3 MiB)
Downloading [4/4] artifacts (2.7 MiB / 32.3 MiB)
Downloading [4/4] artifacts (2.7 MiB / 32.3 MiB)
Downloading [4/4] artifacts (2.7 MiB / 32.3 MiB)
Downloading [4/4] artifacts (2.7 MiB / 32.3 MiB)
Downloading [4/4] artifacts (2.7 MiB / 32.3 MiB)
Downloading [4/4] artifacts (2.7 MiB / 32.3 MiB)
Downloading [4/4] artifacts (2.7 MiB / 32.3 MiB)
Downloading [4/4] artifacts (2.8 MiB / 32.3 MiB)
Downloading [4/4] artifacts (2.8 MiB / 32.3 MiB)
Downloading [4/4] artifacts (2.8 MiB / 32.3 MiB)
Downloading [4/4] artifacts (2.8 MiB / 32.3 MiB)
Downloading [4/4] artifacts (2.8 MiB / 32.3 MiB)
Downloading [4/4] artifacts (2.8 MiB / 32.3 MiB)
Downloading [4/4] artifacts (2.9 MiB / 32.3 MiB)
Downloading [4/4] artifacts (2.9 MiB / 32.3 MiB)
Downloading [4/4] artifacts (2.9 MiB / 32.3 MiB)
Downloading [4/4] artifacts (2.9 MiB / 32.3 MiB)
Downloading [4/4] artifacts (2.9 MiB / 32.3 MiB)
Downloading [4/4] artifacts (2.9 MiB / 32.3 MiB)
Downloading [4/4] artifacts (3.0 MiB / 32.3 MiB)
Downloading [4/4] artifacts (3.0 MiB / 32.3 MiB)
Downloading [4/4] artifacts (3.0 MiB / 32.3 MiB)
Downloading [4/4] artifacts (3.0 MiB / 32.3 MiB)
Downloading [4/4] artifacts (3.0 MiB / 32.3 MiB)
Downloading [4/4] artifacts (3.0 MiB / 32.3 MiB)
Downloading [4/4] artifacts (3.0 MiB / 32.3 MiB)
Downloading [4/4] artifacts (3.1 MiB / 32.3 MiB)
Downloading [4/4] artifacts (3.1 MiB / 32.3 MiB)
Downloading [4/4] artifacts (3.1 MiB / 32.3 MiB)
Downloading [4/4] artifacts (3.1 MiB / 32.3 MiB)
Downloading [4/4] artifacts (3.1 MiB / 32.3 MiB)
Downloading [4/4] artifacts (3.1 MiB / 32.3 MiB)
Downloading [4/4] artifacts (3.2 MiB / 32.3 MiB)
Downloading [4/4] artifacts (3.2 MiB / 32.3 MiB)
Downloading [4/4] artifacts (3.2 MiB / 32.3 MiB)
Downloading [4/4] artifacts (3.2 MiB / 32.3 MiB)
Downloading [4/4] artifacts (3.2 MiB / 32.3 MiB)
Downloading [4/4] artifacts (3.2 MiB / 32.3 MiB)
Downloading [4/4] artifacts (3.2 MiB / 32.3 MiB)
Downloading [4/4] artifacts (3.3 MiB / 32.3 MiB)
Downloading [4/4] artifacts (3.3 MiB / 32.3 MiB)
Downloading [4/4] artifacts (3.3 MiB / 32.3 MiB)
Downloading [4/4] artifacts (3.3 MiB / 32.3 MiB)
Downloading [4/4] artifacts (3.3 MiB / 32.3 MiB)
Downloading [4/4] artifacts (3.3 MiB / 32.3 MiB)
Downloading [4/4] artifacts (3.4 MiB / 32.3 MiB)
Downloading [4/4] artifacts (3.4 MiB / 32.3 MiB)
Downloading [4/4] artifacts (3.4 MiB / 32.3 MiB)
Downloading [4/4] artifacts (3.4 MiB / 32.3 MiB)
Downloading [4/4] artifacts (3.4 MiB / 32.3 MiB)
Downloading [4/4] artifacts (3.4 MiB / 32.3 MiB)
Downloading [4/4] artifacts (3.5 MiB / 32.3 MiB)
Downloading [4/4] artifacts (3.5 MiB / 32.3 MiB)
Downloading [4/4] artifacts (3.5 MiB / 32.3 MiB)
Downloading [4/4] artifacts (3.5 MiB / 32.3 MiB)
Downloading [4/4] artifacts (3.5 MiB / 32.3 MiB)
Downloading [4/4] artifacts (3.5 MiB / 32.3 MiB)
Downloading [4/4] artifacts (3.5 MiB / 32.3 MiB)
Downloading [4/4] artifacts (5.8 MiB / 32.3 MiB)
Downloading [4/4] artifacts (5.8 MiB / 32.3 MiB)
Downloading [4/4] artifacts (5.8 MiB / 32.3 MiB)
Downloading [4/4] artifacts (5.8 MiB / 32.3 MiB)
Downloading [4/4] artifacts (5.8 MiB / 32.3 MiB)
Downloading [4/4] artifacts (5.9 MiB / 32.3 MiB)
Downloading [4/4] artifacts (5.9 MiB / 32.3 MiB)
Downloading [4/4] artifacts (5.9 MiB / 32.3 MiB)
Downloading [4/4] artifacts (5.9 MiB / 32.3 MiB)
Downloading [4/4] artifacts (5.9 MiB / 32.3 MiB)
Downloading [4/4] artifacts (5.9 MiB / 32.3 MiB)
Downloading [4/4] artifacts (6.0 MiB / 32.3 MiB)
Downloading [4/4] artifacts (6.0 MiB / 32.3 MiB)
Downloading [4/4] artifacts (6.0 MiB / 32.3 MiB)
Downloading [4/4] artifacts (6.0 MiB / 32.3 MiB)
Downloading [4/4] artifacts (6.0 MiB / 32.3 MiB)
Downloading [4/4] artifacts (6.0 MiB / 32.3 MiB)
Downloading [4/4] artifacts (6.0 MiB / 32.3 MiB)
Downloading [4/4] artifacts (6.1 MiB / 32.3 MiB)
Downloading [4/4] artifacts (6.1 MiB / 32.3 MiB)
Downloading [4/4] artifacts (6.1 MiB / 32.3 MiB)
Downloading [4/4] artifacts (6.1 MiB / 32.3 MiB)
Downloading [4/4] artifacts (6.1 MiB / 32.3 MiB)
Downloading [4/4] artifacts (6.1 MiB / 32.3 MiB)
Downloading [4/4] artifacts (6.2 MiB / 32.3 MiB)
Downloading [4/4] artifacts (6.2 MiB / 32.3 MiB)
Downloading [4/4] artifacts (6.2 MiB / 32.3 MiB)
Downloading [4/4] artifacts (6.2 MiB / 32.3 MiB)
Downloading [4/4] artifacts (6.2 MiB / 32.3 MiB)
Downloading [4/4] artifacts (6.2 MiB / 32.3 MiB)
Downloading [4/4] artifacts (6.3 MiB / 32.3 MiB)
Downloading [4/4] artifacts (6.3 MiB / 32.3 MiB)
Downloading [4/4] artifacts (6.3 MiB / 32.3 MiB)
Downloading [4/4] artifacts (6.3 MiB / 32.3 MiB)
Downloading [4/4] artifacts (6.3 MiB / 32.3 MiB)
Downloading [4/4] artifacts (6.3 MiB / 32.3 MiB)
Downloading [4/4] artifacts (6.3 MiB / 32.3 MiB)
Downloading [4/4] artifacts (6.4 MiB / 32.3 MiB)
Downloading [4/4] artifacts (6.4 MiB / 32.3 MiB)
Downloading [4/4] artifacts (6.4 MiB / 32.3 MiB)
Downloading [4/4] artifacts (6.4 MiB / 32.3 MiB)
Downloading [4/4] artifacts (6.4 MiB / 32.3 MiB)
Downloading [4/4] artifacts (6.4 MiB / 32.3 MiB)
Downloading [4/4] artifacts (6.5 MiB / 32.3 MiB)
Downloading [4/4] artifacts (6.5 MiB / 32.3 MiB)
Downloading [4/4] artifacts (6.5 MiB / 32.3 MiB)
Downloading [4/4] artifacts (6.5 MiB / 32.3 MiB)
Downloading [4/4] artifacts (6.5 MiB / 32.3 MiB)
Downloading [4/4] artifacts (6.5 MiB / 32.3 MiB)
Downloading [4/4] artifacts (6.5 MiB / 32.3 MiB)
Downloading [4/4] artifacts (6.6 MiB / 32.3 MiB)
Downloading [4/4] artifacts (6.6 MiB / 32.3 MiB)
Downloading [4/4] artifacts (6.6 MiB / 32.3 MiB)
Downloading [4/4] artifacts (6.6 MiB / 32.3 MiB)
Downloading [4/4] artifacts (6.6 MiB / 32.3 MiB)
Downloading [4/4] artifacts (6.6 MiB / 32.3 MiB)
Downloading [4/4] artifacts (6.7 MiB / 32.3 MiB)
Downloading [4/4] artifacts (6.7 MiB / 32.3 MiB)
Downloading [4/4] artifacts (6.7 MiB / 32.3 MiB)
Downloading [4/4] artifacts (10.0 MiB / 32.3 MiB)
Downloading [4/4] artifacts (10.0 MiB / 32.3 MiB)
Downloading [4/4] artifacts (10.0 MiB / 32.3 MiB)
Downloading [4/4] artifacts (10.0 MiB / 32.3 MiB)
Downloading [4/4] artifacts (10.0 MiB / 32.3 MiB)
Downloading [4/4] artifacts (10.1 MiB / 32.3 MiB)
Downloading [4/4] artifacts (10.1 MiB / 32.3 MiB)
Downloading [4/4] artifacts (10.1 MiB / 32.3 MiB)
Downloading [4/4] artifacts (10.1 MiB / 32.3 MiB)
Downloading [4/4] artifacts (10.1 MiB / 32.3 MiB)
Downloading [4/4] artifacts (10.1 MiB / 32.3 MiB)
Downloading [4/4] artifacts (10.1 MiB / 32.3 MiB)
Downloading [4/4] artifacts (10.2 MiB / 32.3 MiB)
Downloading [4/4] artifacts (10.2 MiB / 32.3 MiB)
Downloading [4/4] artifacts (10.2 MiB / 32.3 MiB)
Downloading [4/4] artifacts (10.2 MiB / 32.3 MiB)
Downloading [4/4] artifacts (10.2 MiB / 32.3 MiB)
Downloading [4/4] artifacts (10.2 MiB / 32.3 MiB)
Downloading [4/4] artifacts (10.2 MiB / 32.3 MiB)
Downloading [4/4] artifacts (10.3 MiB / 32.3 MiB)
Downloading [4/4] artifacts (10.3 MiB / 32.3 MiB)
Downloading [4/4] artifacts (10.3 MiB / 32.3 MiB)
Downloading [4/4] artifacts (10.3 MiB / 32.3 MiB)
Downloading [4/4] artifacts (10.3 MiB / 32.3 MiB)
Downloading [4/4] artifacts (10.3 MiB / 32.3 MiB)
Downloading [4/4] artifacts (10.4 MiB / 32.3 MiB)
Downloading [4/4] artifacts (10.4 MiB / 32.3 MiB)
Downloading [4/4] artifacts (10.4 MiB / 32.3 MiB)
Downloading [4/4] artifacts (10.4 MiB / 32.3 MiB)
Downloading [4/4] artifacts (10.4 MiB / 32.3 MiB)
Downloading [4/4] artifacts (10.4 MiB / 32.3 MiB)
Downloading [4/4] artifacts (10.4 MiB / 32.3 MiB)
Downloading [4/4] artifacts (10.5 MiB / 32.3 MiB)
Downloading [4/4] artifacts (10.5 MiB / 32.3 MiB)
Downloading [4/4] artifacts (10.5 MiB / 32.3 MiB)
Downloading [4/4] artifacts (10.5 MiB / 32.3 MiB)
Downloading [4/4] artifacts (10.5 MiB / 32.3 MiB)
Downloading [4/4] artifacts (10.5 MiB / 32.3 MiB)
Downloading [4/4] artifacts (10.6 MiB / 32.3 MiB)
Downloading [4/4] artifacts (10.6 MiB / 32.3 MiB)
Downloading [4/4] artifacts (10.6 MiB / 32.3 MiB)
Downloading [4/4] artifacts (10.6 MiB / 32.3 MiB)
Downloading [4/4] artifacts (10.6 MiB / 32.3 MiB)
Downloading [4/4] artifacts (10.6 MiB / 32.3 MiB)
Downloading [4/4] artifacts (10.7 MiB / 32.3 MiB)
Downloading [4/4] artifacts (10.7 MiB / 32.3 MiB)
Downloading [4/4] artifacts (10.7 MiB / 32.3 MiB)
Downloading [4/4] artifacts (10.7 MiB / 32.3 MiB)
Downloading [4/4] artifacts (10.7 MiB / 32.3 MiB)
Downloading [4/4] artifacts (10.7 MiB / 32.3 MiB)
Downloading [4/4] artifacts (10.7 MiB / 32.3 MiB)
Downloading [4/4] artifacts (10.8 MiB / 32.3 MiB)
Downloading [4/4] artifacts (10.8 MiB / 32.3 MiB)
Downloading [4/4] artifacts (10.8 MiB / 32.3 MiB)
Downloading [4/4] artifacts (10.8 MiB / 32.3 MiB)
Downloading [4/4] artifacts (10.8 MiB / 32.3 MiB)
Downloading [4/4] artifacts (10.8 MiB / 32.3 MiB)
Downloading [4/4] artifacts (10.9 MiB / 32.3 MiB)
Downloading [4/4] artifacts (10.9 MiB / 32.3 MiB)
Downloading [4/4] artifacts (10.9 MiB / 32.3 MiB)
Downloading [4/4] artifacts (10.9 MiB / 32.3 MiB)
Downloading [4/4] artifacts (10.9 MiB / 32.3 MiB)
Downloading [4/4] artifacts (10.9 MiB / 32.3 MiB)
Downloading [4/4] artifacts (10.9 MiB / 32.3 MiB)
Downloading [4/4] artifacts (11.0 MiB / 32.3 MiB)
Downloading [4/4] artifacts (11.0 MiB / 32.3 MiB)
Downloading [4/4] artifacts (11.0 MiB / 32.3 MiB)
Downloading [4/4] artifacts (11.0 MiB / 32.3 MiB)
Downloading [4/4] artifacts (11.0 MiB / 32.3 MiB)
Downloading [4/4] artifacts (11.0 MiB / 32.3 MiB)
Downloading [4/4] artifacts (11.0 MiB / 32.3 MiB)
Downloading [4/4] artifacts (11.1 MiB / 32.3 MiB)
Downloading [4/4] artifacts (11.1 MiB / 32.3 MiB)
Downloading [4/4] artifacts (11.1 MiB / 32.3 MiB)
Downloading [4/4] artifacts (11.1 MiB / 32.3 MiB)
Downloading [4/4] artifacts (14.2 MiB / 32.3 MiB)
Downloading [4/4] artifacts (14.2 MiB / 32.3 MiB)
Downloading [4/4] artifacts (14.2 MiB / 32.3 MiB)
Downloading [4/4] artifacts (14.2 MiB / 32.3 MiB)
Downloading [4/4] artifacts (14.2 MiB / 32.3 MiB)
Downloading [4/4] artifacts (14.3 MiB / 32.3 MiB)
Downloading [4/4] artifacts (14.3 MiB / 32.3 MiB)
Downloading [4/4] artifacts (14.3 MiB / 32.3 MiB)
Downloading [4/4] artifacts (14.3 MiB / 32.3 MiB)
Downloading [4/4] artifacts (14.3 MiB / 32.3 MiB)
Downloading [4/4] artifacts (14.3 MiB / 32.3 MiB)
Downloading [4/4] artifacts (14.3 MiB / 32.3 MiB)
Downloading [4/4] artifacts (14.4 MiB / 32.3 MiB)
Downloading [4/4] artifacts (14.4 MiB / 32.3 MiB)
Downloading [4/4] artifacts (14.4 MiB / 32.3 MiB)
Downloading [4/4] artifacts (14.4 MiB / 32.3 MiB)
Downloading [4/4] artifacts (14.4 MiB / 32.3 MiB)
Downloading [4/4] artifacts (14.4 MiB / 32.3 MiB)
Downloading [4/4] artifacts (14.5 MiB / 32.3 MiB)
Downloading [4/4] artifacts (14.5 MiB / 32.3 MiB)
Downloading [4/4] artifacts (14.5 MiB / 32.3 MiB)
Downloading [4/4] artifacts (14.5 MiB / 32.3 MiB)
Downloading [4/4] artifacts (14.5 MiB / 32.3 MiB)
Downloading [4/4] artifacts (14.5 MiB / 32.3 MiB)
Downloading [4/4] artifacts (14.6 MiB / 32.3 MiB)
Downloading [4/4] artifacts (14.6 MiB / 32.3 MiB)
Downloading [4/4] artifacts (14.6 MiB / 32.3 MiB)
Downloading [4/4] artifacts (14.6 MiB / 32.3 MiB)
Downloading [4/4] artifacts (14.6 MiB / 32.3 MiB)
Downloading [4/4] artifacts (14.6 MiB / 32.3 MiB)
Downloading [4/4] artifacts (14.6 MiB / 32.3 MiB)
Downloading [4/4] artifacts (14.7 MiB / 32.3 MiB)
Downloading [4/4] artifacts (14.7 MiB / 32.3 MiB)
Downloading [4/4] artifacts (14.7 MiB / 32.3 MiB)
Downloading [4/4] artifacts (14.7 MiB / 32.3 MiB)
Downloading [4/4] artifacts (14.7 MiB / 32.3 MiB)
Downloading [4/4] artifacts (14.7 MiB / 32.3 MiB)
Downloading [4/4] artifacts (14.8 MiB / 32.3 MiB)
Downloading [4/4] artifacts (14.8 MiB / 32.3 MiB)
Downloading [4/4] artifacts (14.8 MiB / 32.3 MiB)
Downloading [4/4] artifacts (14.8 MiB / 32.3 MiB)
Downloading [4/4] artifacts (14.8 MiB / 32.3 MiB)
Downloading [4/4] artifacts (14.8 MiB / 32.3 MiB)
Downloading [4/4] artifacts (14.8 MiB / 32.3 MiB)
Downloading [4/4] artifacts (14.9 MiB / 32.3 MiB)
Downloading [4/4] artifacts (14.9 MiB / 32.3 MiB)
Downloading [4/4] artifacts (14.9 MiB / 32.3 MiB)
Downloading [4/4] artifacts (14.9 MiB / 32.3 MiB)
Downloading [4/4] artifacts (14.9 MiB / 32.3 MiB)
Downloading [4/4] artifacts (14.9 MiB / 32.3 MiB)
Downloading [4/4] artifacts (15.0 MiB / 32.3 MiB)
Downloading [4/4] artifacts (15.0 MiB / 32.3 MiB)
Downloading [4/4] artifacts (15.0 MiB / 32.3 MiB)
Downloading [4/4] artifacts (15.0 MiB / 32.3 MiB)
Downloading [4/4] artifacts (15.0 MiB / 32.3 MiB)
Downloading [4/4] artifacts (15.0 MiB / 32.3 MiB)
Downloading [4/4] artifacts (15.1 MiB / 32.3 MiB)
Downloading [4/4] artifacts (15.1 MiB / 32.3 MiB)
Downloading [4/4] artifacts (15.1 MiB / 32.3 MiB)
Downloading [4/4] artifacts (15.1 MiB / 32.3 MiB)
Downloading [4/4] artifacts (15.1 MiB / 32.3 MiB)
Downloading [4/4] artifacts (15.1 MiB / 32.3 MiB)
Downloading [4/4] artifacts (15.1 MiB / 32.3 MiB)
Downloading [4/4] artifacts (15.2 MiB / 32.3 MiB)
Downloading [4/4] artifacts (15.2 MiB / 32.3 MiB)
Downloading [4/4] artifacts (15.2 MiB / 32.3 MiB)
Downloading [4/4] artifacts (15.2 MiB / 32.3 MiB)
Downloading [4/4] artifacts (15.2 MiB / 32.3 MiB)
Downloading [4/4] artifacts (15.2 MiB / 32.3 MiB)
Downloading [4/4] artifacts (15.2 MiB / 32.3 MiB)
Downloading [4/4] artifacts (15.3 MiB / 32.3 MiB)
Downloading [4/4] artifacts (15.3 MiB / 32.3 MiB)
Downloading [4/4] artifacts (15.3 MiB / 32.3 MiB)
Downloading [4/4] artifacts (15.3 MiB / 32.3 MiB)
Downloading [4/4] artifacts (15.3 MiB / 32.3 MiB)
Downloading [4/4] artifacts (15.3 MiB / 32.3 MiB)
Downloading [4/4] artifacts (15.4 MiB / 32.3 MiB)
Downloading [4/4] artifacts (15.4 MiB / 32.3 MiB)
Downloading [4/4] artifacts (15.4 MiB / 32.3 MiB)
Downloading [4/4] artifacts (15.4 MiB / 32.3 MiB)
Downloading [4/4] artifacts (15.4 MiB / 32.3 MiB)
Downloading [4/4] artifacts (15.4 MiB / 32.3 MiB)
Downloading [4/4] artifacts (15.4 MiB / 32.3 MiB)
Downloading [4/4] artifacts (15.5 MiB / 32.3 MiB)
Downloading [4/4] artifacts (15.5 MiB / 32.3 MiB)
Downloading [4/4] artifacts (15.5 MiB / 32.3 MiB)
Downloading [4/4] artifacts (15.5 MiB / 32.3 MiB)
Downloading [4/4] artifacts (15.5 MiB / 32.3 MiB)
Downloading [4/4] artifacts (15.5 MiB / 32.3 MiB)
Downloading [4/4] artifacts (15.6 MiB / 32.3 MiB)
Downloading [4/4] artifacts (15.6 MiB / 32.3 MiB)
Downloading [4/4] artifacts (15.6 MiB / 32.3 MiB)
Downloading [4/4] artifacts (15.6 MiB / 32.3 MiB)
Downloading [4/4] artifacts (15.6 MiB / 32.3 MiB)
Downloading [4/4] artifacts (15.6 MiB / 32.3 MiB)
Downloading [4/4] artifacts (15.7 MiB / 32.3 MiB)
Downloading [4/4] artifacts (15.7 MiB / 32.3 MiB)
Downloading [4/4] artifacts (15.7 MiB / 32.3 MiB)
Downloading [4/4] artifacts (15.7 MiB / 32.3 MiB)
Downloading [4/4] artifacts (15.7 MiB / 32.3 MiB)
Downloading [4/4] artifacts (15.7 MiB / 32.3 MiB)
Downloading [4/4] artifacts (15.7 MiB / 32.3 MiB)
Downloading [4/4] artifacts (15.8 MiB / 32.3 MiB)
Downloading [4/4] artifacts (15.8 MiB / 32.3 MiB)
Downloading [4/4] artifacts (15.8 MiB / 32.3 MiB)
Downloading [4/4] artifacts (15.8 MiB / 32.3 MiB)
Downloading [4/4] artifacts (15.8 MiB / 32.3 MiB)
Downloading [4/4] artifacts (15.8 MiB / 32.3 MiB)
Downloading [4/4] artifacts (15.9 MiB / 32.3 MiB)
Downloading [4/4] artifacts (15.9 MiB / 32.3 MiB)
Downloading [4/4] artifacts (15.9 MiB / 32.3 MiB)
Downloading [4/4] artifacts (15.9 MiB / 32.3 MiB)
Downloading [4/4] artifacts (15.9 MiB / 32.3 MiB)
Downloading [4/4] artifacts (15.9 MiB / 32.3 MiB)
Downloading [4/4] artifacts (15.9 MiB / 32.3 MiB)
Downloading [4/4] artifacts (16.0 MiB / 32.3 MiB)
Downloading [4/4] artifacts (16.0 MiB / 32.3 MiB)
Downloading [4/4] artifacts (16.0 MiB / 32.3 MiB)
Downloading [4/4] artifacts (16.0 MiB / 32.3 MiB)
Downloading [4/4] artifacts (16.0 MiB / 32.3 MiB)
Downloading [4/4] artifacts (16.0 MiB / 32.3 MiB)
Downloading [4/4] artifacts (16.1 MiB / 32.3 MiB)
Downloading [4/4] artifacts (16.1 MiB / 32.3 MiB)
Downloading [4/4] artifacts (16.1 MiB / 32.3 MiB)
Downloading [4/4] artifacts (16.1 MiB / 32.3 MiB)
Downloading [4/4] artifacts (16.1 MiB / 32.3 MiB)
Downloading [4/4] artifacts (16.1 MiB / 32.3 MiB)
Downloading [4/4] artifacts (16.1 MiB / 32.3 MiB)
Downloading [4/4] artifacts (16.2 MiB / 32.3 MiB)
Downloading [4/4] artifacts (16.2 MiB / 32.3 MiB)
Downloading [4/4] artifacts (16.2 MiB / 32.3 MiB)
Downloading [4/4] artifacts (16.2 MiB / 32.3 MiB)
Downloading [4/4] artifacts (16.2 MiB / 32.3 MiB)
Downloading [4/4] artifacts (16.2 MiB / 32.3 MiB)
Downloading [4/4] artifacts (16.3 MiB / 32.3 MiB)
Downloading [4/4] artifacts (16.3 MiB / 32.3 MiB)
Downloading [4/4] artifacts (16.3 MiB / 32.3 MiB)
Downloading [4/4] artifacts (16.3 MiB / 32.3 MiB)
Downloading [4/4] artifacts (16.3 MiB / 32.3 MiB)
Downloading [4/4] artifacts (16.3 MiB / 32.3 MiB)
Downloading [4/4] artifacts (16.4 MiB / 32.3 MiB)
Downloading [4/4] artifacts (16.4 MiB / 32.3 MiB)
Downloading [4/4] artifacts (16.4 MiB / 32.3 MiB)
Downloading [4/4] artifacts (16.4 MiB / 32.3 MiB)
Downloading [4/4] artifacts (16.4 MiB / 32.3 MiB)
Downloading [4/4] artifacts (16.4 MiB / 32.3 MiB)
Downloading [4/4] artifacts (16.4 MiB / 32.3 MiB)
Downloading [4/4] artifacts (16.5 MiB / 32.3 MiB)
Downloading [4/4] artifacts (16.5 MiB / 32.3 MiB)
Downloading [4/4] artifacts (16.5 MiB / 32.3 MiB)
Downloading [4/4] artifacts (16.5 MiB / 32.3 MiB)
Downloading [4/4] artifacts (16.5 MiB / 32.3 MiB)
Downloading [4/4] artifacts (16.5 MiB / 32.3 MiB)
Downloading [4/4] artifacts (16.5 MiB / 32.3 MiB)
Downloading [4/4] artifacts (16.6 MiB / 32.3 MiB)
Downloading [4/4] artifacts (16.6 MiB / 32.3 MiB)
Downloading [4/4] artifacts (16.6 MiB / 32.3 MiB)
Downloading [4/4] artifacts (16.6 MiB / 32.3 MiB)
Downloading [4/4] artifacts (16.6 MiB / 32.3 MiB)
Downloading [4/4] artifacts (16.6 MiB / 32.3 MiB)
Downloading [4/4] artifacts (16.7 MiB / 32.3 MiB)
Downloading [4/4] artifacts (16.7 MiB / 32.3 MiB)
Downloading [4/4] artifacts (16.7 MiB / 32.3 MiB)
Downloading [4/4] artifacts (16.7 MiB / 32.3 MiB)
Downloading [4/4] artifacts (16.7 MiB / 32.3 MiB)
Downloading [4/4] artifacts (16.7 MiB / 32.3 MiB)
Downloading [4/4] artifacts (16.8 MiB / 32.3 MiB)
Downloading [4/4] artifacts (16.8 MiB / 32.3 MiB)
Downloading [4/4] artifacts (16.8 MiB / 32.3 MiB)
Downloading [4/4] artifacts (16.8 MiB / 32.3 MiB)
Downloading [4/4] artifacts (16.8 MiB / 32.3 MiB)
Downloading [4/4] artifacts (16.8 MiB / 32.3 MiB)
Downloading [4/4] artifacts (16.8 MiB / 32.3 MiB)
Downloading [4/4] artifacts (16.9 MiB / 32.3 MiB)
Downloading [4/4] artifacts (16.9 MiB / 32.3 MiB)
Downloading [4/4] artifacts (16.9 MiB / 32.3 MiB)
Downloading [4/4] artifacts (16.9 MiB / 32.3 MiB)
Downloading [4/4] artifacts (16.9 MiB / 32.3 MiB)
Downloading [4/4] artifacts (16.9 MiB / 32.3 MiB)
Downloading [4/4] artifacts (17.0 MiB / 32.3 MiB)
Downloading [4/4] artifacts (17.0 MiB / 32.3 MiB)
Downloading [4/4] artifacts (17.0 MiB / 32.3 MiB)
Downloading [4/4] artifacts (17.0 MiB / 32.3 MiB)
Downloading [4/4] artifacts (17.0 MiB / 32.3 MiB)
Downloading [4/4] artifacts (17.0 MiB / 32.3 MiB)
Downloading [4/4] artifacts (17.0 MiB / 32.3 MiB)
Downloading [4/4] artifacts (17.1 MiB / 32.3 MiB)
Downloading [4/4] artifacts (17.1 MiB / 32.3 MiB)
Downloading [4/4] artifacts (17.1 MiB / 32.3 MiB)
Downloading [4/4] artifacts (17.1 MiB / 32.3 MiB)
Downloading [4/4] artifacts (17.1 MiB / 32.3 MiB)
Downloading [4/4] artifacts (17.1 MiB / 32.3 MiB)
Downloading [4/4] artifacts (17.2 MiB / 32.3 MiB)
Downloading [4/4] artifacts (17.2 MiB / 32.3 MiB)
Downloading [4/4] artifacts (17.2 MiB / 32.3 MiB)
Downloading [4/4] artifacts (17.2 MiB / 32.3 MiB)
Downloading [4/4] artifacts (17.2 MiB / 32.3 MiB)
Downloading [4/4] artifacts (17.2 MiB / 32.3 MiB)
Downloading [4/4] artifacts (17.3 MiB / 32.3 MiB)
Downloading [4/4] artifacts (17.3 MiB / 32.3 MiB)
Downloading [4/4] artifacts (17.3 MiB / 32.3 MiB)
Downloading [4/4] artifacts (17.3 MiB / 32.3 MiB)
Downloading [4/4] artifacts (17.3 MiB / 32.3 MiB)
Downloading [4/4] artifacts (17.3 MiB / 32.3 MiB)
Downloading [4/4] artifacts (17.3 MiB / 32.3 MiB)
Downloading [4/4] artifacts (17.4 MiB / 32.3 MiB)
Downloading [4/4] artifacts (17.4 MiB / 32.3 MiB)
Downloading [4/4] artifacts (17.4 MiB / 32.3 MiB)
Downloading [4/4] artifacts (17.4 MiB / 32.3 MiB)
Downloading [4/4] artifacts (17.4 MiB / 32.3 MiB)
Downloading [4/4] artifacts (17.4 MiB / 32.3 MiB)
Downloading [4/4] artifacts (17.5 MiB / 32.3 MiB)
Downloading [4/4] artifacts (17.5 MiB / 32.3 MiB)
Downloading [4/4] artifacts (17.5 MiB / 32.3 MiB)
Downloading [4/4] artifacts (17.5 MiB / 32.3 MiB)
Downloading [4/4] artifacts (17.5 MiB / 32.3 MiB)
Downloading [4/4] artifacts (17.5 MiB / 32.3 MiB)
Downloading [4/4] artifacts (17.5 MiB / 32.3 MiB)
Downloading [4/4] artifacts (17.6 MiB / 32.3 MiB)
Downloading [4/4] artifacts (17.6 MiB / 32.3 MiB)
Downloading [4/4] artifacts (17.6 MiB / 32.3 MiB)
Downloading [4/4] artifacts (17.6 MiB / 32.3 MiB)
Downloading [4/4] artifacts (17.6 MiB / 32.3 MiB)
Downloading [4/4] artifacts (17.6 MiB / 32.3 MiB)
Downloading [4/4] artifacts (17.7 MiB / 32.3 MiB)
Downloading [4/4] artifacts (17.7 MiB / 32.3 MiB)
Downloading [4/4] artifacts (17.7 MiB / 32.3 MiB)
Downloading [4/4] artifacts (17.7 MiB / 32.3 MiB)
Downloading [4/4] artifacts (17.7 MiB / 32.3 MiB)
Downloading [4/4] artifacts (17.7 MiB / 32.3 MiB)
Downloading [4/4] artifacts (17.8 MiB / 32.3 MiB)
Downloading [4/4] artifacts (17.8 MiB / 32.3 MiB)
Downloading [4/4] artifacts (17.8 MiB / 32.3 MiB)
Downloading [4/4] artifacts (17.8 MiB / 32.3 MiB)
Downloading [4/4] artifacts (17.8 MiB / 32.3 MiB)
Downloading [4/4] artifacts (17.8 MiB / 32.3 MiB)
Downloading [4/4] artifacts (17.8 MiB / 32.3 MiB)
Downloading [4/4] artifacts (17.9 MiB / 32.3 MiB)
Downloading [4/4] artifacts (17.9 MiB / 32.3 MiB)
Downloading [4/4] artifacts (17.9 MiB / 32.3 MiB)
Downloading [4/4] artifacts (17.9 MiB / 32.3 MiB)
Downloading [4/4] artifacts (17.9 MiB / 32.3 MiB)
Downloading [4/4] artifacts (17.9 MiB / 32.3 MiB)
Downloading [4/4] artifacts (18.0 MiB / 32.3 MiB)
Downloading [4/4] artifacts (18.0 MiB / 32.3 MiB)
Downloading [4/4] artifacts (18.0 MiB / 32.3 MiB)
Downloading [4/4] artifacts (18.0 MiB / 32.3 MiB)
Downloading [4/4] artifacts (18.0 MiB / 32.3 MiB)
Downloading [4/4] artifacts (18.0 MiB / 32.3 MiB)
Downloading [4/4] artifacts (18.0 MiB / 32.3 MiB)
Downloading [4/4] artifacts (18.1 MiB / 32.3 MiB)
Downloading [4/4] artifacts (18.1 MiB / 32.3 MiB)
Downloading [4/4] artifacts (18.1 MiB / 32.3 MiB)
Downloading [4/4] artifacts (18.1 MiB / 32.3 MiB)
Downloading [4/4] artifacts (18.1 MiB / 32.3 MiB)
Downloading [4/4] artifacts (18.1 MiB / 32.3 MiB)
Downloading [4/4] artifacts (18.2 MiB / 32.3 MiB)
Downloading [4/4] artifacts (18.2 MiB / 32.3 MiB)
Downloading [4/4] artifacts (18.2 MiB / 32.3 MiB)
Downloading [4/4] artifacts (18.2 MiB / 32.3 MiB)
Downloading [4/4] artifacts (18.2 MiB / 32.3 MiB)
Downloading [4/4] artifacts (18.2 MiB / 32.3 MiB)
Downloading [4/4] artifacts (18.3 MiB / 32.3 MiB)
Downloading [4/4] artifacts (18.3 MiB / 32.3 MiB)
Downloading [4/4] artifacts (18.3 MiB / 32.3 MiB)
Downloading [4/4] artifacts (18.3 MiB / 32.3 MiB)
Downloading [4/4] artifacts (18.3 MiB / 32.3 MiB)
Downloading [4/4] artifacts (18.3 MiB / 32.3 MiB)
Downloading [4/4] artifacts (18.3 MiB / 32.3 MiB)
Downloading [4/4] artifacts (18.4 MiB / 32.3 MiB)
Downloading [4/4] artifacts (18.4 MiB / 32.3 MiB)
Downloading [4/4] artifacts (18.4 MiB / 32.3 MiB)
Downloading [4/4] artifacts (18.4 MiB / 32.3 MiB)
Downloading [4/4] artifacts (18.4 MiB / 32.3 MiB)
Downloading [4/4] artifacts (18.4 MiB / 32.3 MiB)
Downloading [4/4] artifacts (18.5 MiB / 32.3 MiB)
Downloading [4/4] artifacts (18.5 MiB / 32.3 MiB)
Downloading [4/4] artifacts (18.5 MiB / 32.3 MiB)
Downloading [4/4] artifacts (18.5 MiB / 32.3 MiB)
Downloading [4/4] artifacts (18.5 MiB / 32.3 MiB)
Downloading [4/4] artifacts (18.5 MiB / 32.3 MiB)
Downloading [4/4] artifacts (18.5 MiB / 32.3 MiB)
Downloading [4/4] artifacts (18.6 MiB / 32.3 MiB)
Downloading [4/4] artifacts (18.6 MiB / 32.3 MiB)
Downloading [4/4] artifacts (18.6 MiB / 32.3 MiB)
Downloading [4/4] artifacts (18.6 MiB / 32.3 MiB)
Downloading [4/4] artifacts (18.6 MiB / 32.3 MiB)
Downloading [4/4] artifacts (18.6 MiB / 32.3 MiB)
Downloading [4/4] artifacts (18.7 MiB / 32.3 MiB)
Downloading [4/4] artifacts (18.7 MiB / 32.3 MiB)
Downloading [4/4] artifacts (18.7 MiB / 32.3 MiB)
Downloading [4/4] artifacts (18.7 MiB / 32.3 MiB)
Downloading [4/4] artifacts (18.7 MiB / 32.3 MiB)
Downloading [4/4] artifacts (18.7 MiB / 32.3 MiB)
Downloading [4/4] artifacts (18.8 MiB / 32.3 MiB)
Downloading [4/4] artifacts (18.8 MiB / 32.3 MiB)
Downloading [4/4] artifacts (18.8 MiB / 32.3 MiB)
Downloading [4/4] artifacts (18.8 MiB / 32.3 MiB)
Downloading [4/4] artifacts (18.8 MiB / 32.3 MiB)
Downloading [4/4] artifacts (18.8 MiB / 32.3 MiB)
Downloading [4/4] artifacts (18.8 MiB / 32.3 MiB)
Downloading [4/4] artifacts (18.9 MiB / 32.3 MiB)
Downloading [4/4] artifacts (18.9 MiB / 32.3 MiB)
Downloading [4/4] artifacts (18.9 MiB / 32.3 MiB)
Downloading [4/4] artifacts (18.9 MiB / 32.3 MiB)
Downloading [4/4] artifacts (18.9 MiB / 32.3 MiB)
Downloading [4/4] artifacts (18.9 MiB / 32.3 MiB)
Downloading [4/4] artifacts (18.9 MiB / 32.3 MiB)
Downloading [4/4] artifacts (19.0 MiB / 32.3 MiB)
Downloading [4/4] artifacts (19.0 MiB / 32.3 MiB)
Downloading [4/4] artifacts (19.0 MiB / 32.3 MiB)
Downloading [4/4] artifacts (19.0 MiB / 32.3 MiB)
Downloading [4/4] artifacts (19.0 MiB / 32.3 MiB)
Downloading [4/4] artifacts (19.0 MiB / 32.3 MiB)
Downloading [4/4] artifacts (19.1 MiB / 32.3 MiB)
Downloading [4/4] artifacts (19.1 MiB / 32.3 MiB)
Downloading [4/4] artifacts (19.1 MiB / 32.3 MiB)
Downloading [4/4] artifacts (19.1 MiB / 32.3 MiB)
Downloading [4/4] artifacts (19.1 MiB / 32.3 MiB)
Downloading [4/4] artifacts (19.1 MiB / 32.3 MiB)
Downloading [4/4] artifacts (19.1 MiB / 32.3 MiB)
Downloading [4/4] artifacts (19.2 MiB / 32.3 MiB)
Downloading [4/4] artifacts (19.2 MiB / 32.3 MiB)
Downloading [4/4] artifacts (19.2 MiB / 32.3 MiB)
Downloading [4/4] artifacts (19.2 MiB / 32.3 MiB)
Downloading [4/4] artifacts (19.2 MiB / 32.3 MiB)
Downloading [4/4] artifacts (19.2 MiB / 32.3 MiB)
Downloading [4/4] artifacts (19.3 MiB / 32.3 MiB)
Downloading [4/4] artifacts (19.3 MiB / 32.3 MiB)
Downloading [4/4] artifacts (19.3 MiB / 32.3 MiB)
Downloading [4/4] artifacts (19.3 MiB / 32.3 MiB)
Downloading [4/4] artifacts (19.3 MiB / 32.3 MiB)
Downloading [4/4] artifacts (19.3 MiB / 32.3 MiB)
Downloading [4/4] artifacts (19.4 MiB / 32.3 MiB)
Downloading [4/4] artifacts (19.4 MiB / 32.3 MiB)
Downloading [4/4] artifacts (19.4 MiB / 32.3 MiB)
Downloading [4/4] artifacts (19.4 MiB / 32.3 MiB)
Downloading [4/4] artifacts (19.4 MiB / 32.3 MiB)
Downloading [4/4] artifacts (19.4 MiB / 32.3 MiB)
Downloading [4/4] artifacts (19.4 MiB / 32.3 MiB)
Downloading [4/4] artifacts (19.5 MiB / 32.3 MiB)
Downloading [4/4] artifacts (19.5 MiB / 32.3 MiB)
Downloading [4/4] artifacts (19.5 MiB / 32.3 MiB)
Downloading [4/4] artifacts (19.5 MiB / 32.3 MiB)
Downloading [4/4] artifacts (19.5 MiB / 32.3 MiB)
Downloading [4/4] artifacts (19.5 MiB / 32.3 MiB)
Downloading [4/4] artifacts (19.6 MiB / 32.3 MiB)
Downloading [4/4] artifacts (19.6 MiB / 32.3 MiB)
Downloading [4/4] artifacts (19.6 MiB / 32.3 MiB)
Downloading [4/4] artifacts (19.6 MiB / 32.3 MiB)
Downloading [4/4] artifacts (19.6 MiB / 32.3 MiB)
Downloading [4/4] artifacts (19.6 MiB / 32.3 MiB)
Downloading [4/4] artifacts (19.6 MiB / 32.3 MiB)
Downloading [4/4] artifacts (19.7 MiB / 32.3 MiB)
Downloading [4/4] artifacts (19.7 MiB / 32.3 MiB)
Downloading [4/4] artifacts (19.7 MiB / 32.3 MiB)
Downloading [4/4] artifacts (19.7 MiB / 32.3 MiB)
Downloading [4/4] artifacts (19.7 MiB / 32.3 MiB)
Downloading [4/4] artifacts (19.7 MiB / 32.3 MiB)
Downloading [4/4] artifacts (19.8 MiB / 32.3 MiB)
Downloading [4/4] artifacts (19.8 MiB / 32.3 MiB)
Downloading [4/4] artifacts (19.8 MiB / 32.3 MiB)
Downloading [4/4] artifacts (19.8 MiB / 32.3 MiB)
Downloading [4/4] artifacts (19.8 MiB / 32.3 MiB)
Downloading [4/4] artifacts (19.8 MiB / 32.3 MiB)
Downloading [4/4] artifacts (19.9 MiB / 32.3 MiB)
Downloading [4/4] artifacts (19.9 MiB / 32.3 MiB)
Downloading [4/4] artifacts (19.9 MiB / 32.3 MiB)
Downloading [4/4] artifacts (19.9 MiB / 32.3 MiB)
Downloading [4/4] artifacts (19.9 MiB / 32.3 MiB)
Downloading [4/4] artifacts (19.9 MiB / 32.3 MiB)
Downloading [4/4] artifacts (19.9 MiB / 32.3 MiB)
Downloading [4/4] artifacts (20.0 MiB / 32.3 MiB)
Downloading [4/4] artifacts (20.0 MiB / 32.3 MiB)
Downloading [4/4] artifacts (20.0 MiB / 32.3 MiB)
Downloading [4/4] artifacts (20.0 MiB / 32.3 MiB)
Downloading [4/4] artifacts (20.0 MiB / 32.3 MiB)
Downloading [4/4] artifacts (20.0 MiB / 32.3 MiB)
Downloading [4/4] artifacts (20.1 MiB / 32.3 MiB)
Downloading [4/4] artifacts (20.1 MiB / 32.3 MiB)
Downloading [4/4] artifacts (20.1 MiB / 32.3 MiB)
Downloading [4/4] artifacts (20.1 MiB / 32.3 MiB)
Downloading [4/4] artifacts (20.1 MiB / 32.3 MiB)
Downloading [4/4] artifacts (20.1 MiB / 32.3 MiB)
Downloading [4/4] artifacts (20.1 MiB / 32.3 MiB)
Downloading [4/4] artifacts (20.2 MiB / 32.3 MiB)
Downloading [4/4] artifacts (20.2 MiB / 32.3 MiB)
Downloading [4/4] artifacts (20.2 MiB / 32.3 MiB)
Downloading [4/4] artifacts (20.2 MiB / 32.3 MiB)
Downloading [4/4] artifacts (20.2 MiB / 32.3 MiB)
Downloading [4/4] artifacts (20.2 MiB / 32.3 MiB)
Downloading [4/4] artifacts (20.3 MiB / 32.3 MiB)
Downloading [4/4] artifacts (20.3 MiB / 32.3 MiB)
Downloading [4/4] artifacts (20.3 MiB / 32.3 MiB)
Downloading [4/4] artifacts (20.3 MiB / 32.3 MiB)
Downloading [4/4] artifacts (20.3 MiB / 32.3 MiB)
Downloading [4/4] artifacts (20.3 MiB / 32.3 MiB)
Downloading [4/4] artifacts (20.3 MiB / 32.3 MiB)
Downloading [4/4] artifacts (20.4 MiB / 32.3 MiB)
Downloading [4/4] artifacts (20.4 MiB / 32.3 MiB)
Downloading [4/4] artifacts (20.4 MiB / 32.3 MiB)
Downloading [4/4] artifacts (20.4 MiB / 32.3 MiB)
Downloading [4/4] artifacts (20.4 MiB / 32.3 MiB)
Downloading [4/4] artifacts (20.4 MiB / 32.3 MiB)
Downloading [4/4] artifacts (20.5 MiB / 32.3 MiB)
Downloading [4/4] artifacts (20.5 MiB / 32.3 MiB)
Downloading [4/4] artifacts (20.5 MiB / 32.3 MiB)
Downloading [4/4] artifacts (20.5 MiB / 32.3 MiB)
Downloading [4/4] artifacts (20.5 MiB / 32.3 MiB)
Downloading [4/4] artifacts (20.5 MiB / 32.3 MiB)
Downloading [4/4] artifacts (20.6 MiB / 32.3 MiB)
Downloading [4/4] artifacts (20.6 MiB / 32.3 MiB)
Downloading [4/4] artifacts (20.6 MiB / 32.3 MiB)
Downloading [4/4] artifacts (20.6 MiB / 32.3 MiB)
Downloading [4/4] artifacts (20.6 MiB / 32.3 MiB)
Downloading [4/4] artifacts (20.6 MiB / 32.3 MiB)
Downloading [4/4] artifacts (20.6 MiB / 32.3 MiB)
Downloading [4/4] artifacts (20.7 MiB / 32.3 MiB)
Downloading [4/4] artifacts (20.7 MiB / 32.3 MiB)
Downloading [4/4] artifacts (20.7 MiB / 32.3 MiB)
Downloading [4/4] artifacts (20.7 MiB / 32.3 MiB)
Downloading [4/4] artifacts (20.7 MiB / 32.3 MiB)
Downloading [4/4] artifacts (20.7 MiB / 32.3 MiB)
Downloading [4/4] artifacts (20.7 MiB / 32.3 MiB)
Downloading [4/4] artifacts (20.8 MiB / 32.3 MiB)
Downloading [4/4] artifacts (20.8 MiB / 32.3 MiB)
Downloading [4/4] artifacts (20.8 MiB / 32.3 MiB)
Downloading [4/4] artifacts (20.8 MiB / 32.3 MiB)
Downloading [4/4] artifacts (20.8 MiB / 32.3 MiB)
Downloading [4/4] artifacts (20.8 MiB / 32.3 MiB)
Downloading [4/4] artifacts (20.9 MiB / 32.3 MiB)
Downloading [4/4] artifacts (20.9 MiB / 32.3 MiB)
Downloading [4/4] artifacts (20.9 MiB / 32.3 MiB)
Downloading [4/4] artifacts (20.9 MiB / 32.3 MiB)
Downloading [4/4] artifacts (20.9 MiB / 32.3 MiB)
Downloading [4/4] artifacts (20.9 MiB / 32.3 MiB)
Downloading [4/4] artifacts (20.9 MiB / 32.3 MiB)
Downloading [4/4] artifacts (21.0 MiB / 32.3 MiB)
Downloading [4/4] artifacts (21.0 MiB / 32.3 MiB)
Downloading [4/4] artifacts (21.0 MiB / 32.3 MiB)
Downloading [4/4] artifacts (21.0 MiB / 32.3 MiB)
Downloading [4/4] artifacts (21.0 MiB / 32.3 MiB)
Downloading [4/4] artifacts (21.0 MiB / 32.3 MiB)
Downloading [4/4] artifacts (21.1 MiB / 32.3 MiB)
Downloading [4/4] artifacts (21.1 MiB / 32.3 MiB)
Downloading [4/4] artifacts (21.1 MiB / 32.3 MiB)
Downloading [4/4] artifacts (21.1 MiB / 32.3 MiB)
Downloading [4/4] artifacts (21.1 MiB / 32.3 MiB)
Downloading [4/4] artifacts (21.1 MiB / 32.3 MiB)
Downloading [4/4] artifacts (21.1 MiB / 32.3 MiB)
Downloading [4/4] artifacts (21.2 MiB / 32.3 MiB)
Downloading [4/4] artifacts (21.2 MiB / 32.3 MiB)
Downloading [4/4] artifacts (21.2 MiB / 32.3 MiB)
Downloading [4/4] artifacts (21.2 MiB / 32.3 MiB)
Downloading [4/4] artifacts (21.2 MiB / 32.3 MiB)
Downloading [4/4] artifacts (21.2 MiB / 32.3 MiB)
Downloading [4/4] artifacts (21.3 MiB / 32.3 MiB)
Downloading [4/4] artifacts (21.3 MiB / 32.3 MiB)
Downloading [4/4] artifacts (21.3 MiB / 32.3 MiB)
Downloading [4/4] artifacts (21.3 MiB / 32.3 MiB)
Downloading [4/4] artifacts (21.3 MiB / 32.3 MiB)
Downloading [4/4] artifacts (21.3 MiB / 32.3 MiB)
Downloading [4/4] artifacts (21.3 MiB / 32.3 MiB)
Downloading [4/4] artifacts (21.4 MiB / 32.3 MiB)
Downloading [4/4] artifacts (21.4 MiB / 32.3 MiB)
Downloading [4/4] artifacts (21.4 MiB / 32.3 MiB)
Downloading [4/4] artifacts (21.4 MiB / 32.3 MiB)
Downloading [4/4] artifacts (21.4 MiB / 32.3 MiB)
Downloading [4/4] artifacts (21.4 MiB / 32.3 MiB)
Downloading [4/4] artifacts (21.5 MiB / 32.3 MiB)
Downloading [4/4] artifacts (21.5 MiB / 32.3 MiB)
Downloading [4/4] artifacts (21.5 MiB / 32.3 MiB)
Downloading [4/4] artifacts (21.5 MiB / 32.3 MiB)
Downloading [4/4] artifacts (21.5 MiB / 32.3 MiB)
Downloading [4/4] artifacts (21.5 MiB / 32.3 MiB)
Downloading [4/4] artifacts (21.5 MiB / 32.3 MiB)
Downloading [4/4] artifacts (21.6 MiB / 32.3 MiB)
Downloading [4/4] artifacts (21.6 MiB / 32.3 MiB)
Downloading [4/4] artifacts (21.6 MiB / 32.3 MiB)
Downloading [4/4] artifacts (21.6 MiB / 32.3 MiB)
Downloading [4/4] artifacts (21.6 MiB / 32.3 MiB)
Downloading [4/4] artifacts (21.6 MiB / 32.3 MiB)
Downloading [4/4] artifacts (21.7 MiB / 32.3 MiB)
Downloading [4/4] artifacts (21.7 MiB / 32.3 MiB)
Downloading [4/4] artifacts (21.7 MiB / 32.3 MiB)
Downloading [4/4] artifacts (21.7 MiB / 32.3 MiB)
Downloading [4/4] artifacts (21.7 MiB / 32.3 MiB)
Downloading [4/4] artifacts (21.7 MiB / 32.3 MiB)
Downloading [4/4] artifacts (21.8 MiB / 32.3 MiB)
Downloading [4/4] artifacts (21.8 MiB / 32.3 MiB)
Downloading [4/4] artifacts (21.8 MiB / 32.3 MiB)
Downloading [4/4] artifacts (21.8 MiB / 32.3 MiB)
Downloading [4/4] artifacts (21.8 MiB / 32.3 MiB)
Downloading [4/4] artifacts (21.8 MiB / 32.3 MiB)
Downloading [4/4] artifacts (21.8 MiB / 32.3 MiB)
Downloading [4/4] artifacts (21.9 MiB / 32.3 MiB)
Downloading [4/4] artifacts (21.9 MiB / 32.3 MiB)
Downloading [4/4] artifacts (21.9 MiB / 32.3 MiB)
Downloading [4/4] artifacts (21.9 MiB / 32.3 MiB)
Downloading [4/4] artifacts (21.9 MiB / 32.3 MiB)
Downloading [4/4] artifacts (21.9 MiB / 32.3 MiB)
Downloading [4/4] artifacts (22.0 MiB / 32.3 MiB)
Downloading [4/4] artifacts (22.0 MiB / 32.3 MiB)
Downloading [4/4] artifacts (22.0 MiB / 32.3 MiB)
Downloading [4/4] artifacts (22.0 MiB / 32.3 MiB)
Downloading [4/4] artifacts (22.0 MiB / 32.3 MiB)
Downloading [4/4] artifacts (22.0 MiB / 32.3 MiB)
Downloading [4/4] artifacts (22.0 MiB / 32.3 MiB)
Downloading [4/4] artifacts (22.1 MiB / 32.3 MiB)
Downloading [4/4] artifacts (22.1 MiB / 32.3 MiB)
Downloading [4/4] artifacts (22.1 MiB / 32.3 MiB)
Downloading [4/4] artifacts (22.1 MiB / 32.3 MiB)
Downloading [4/4] artifacts (22.1 MiB / 32.3 MiB)
Downloading [4/4] artifacts (22.1 MiB / 32.3 MiB)
Downloading [4/4] artifacts (22.1 MiB / 32.3 MiB)
Downloading [4/4] artifacts (22.2 MiB / 32.3 MiB)
Downloading [4/4] artifacts (22.2 MiB / 32.3 MiB)
Downloading [4/4] artifacts (22.2 MiB / 32.3 MiB)
Downloading [4/4] artifacts (22.2 MiB / 32.3 MiB)
Downloading [4/4] artifacts (22.2 MiB / 32.3 MiB)
Downloading [4/4] artifacts (22.2 MiB / 32.3 MiB)
Downloading [4/4] artifacts (22.3 MiB / 32.3 MiB)
Downloading [4/4] artifacts (22.3 MiB / 32.3 MiB)
Downloading [4/4] artifacts (22.3 MiB / 32.3 MiB)
Downloading [4/4] artifacts (22.3 MiB / 32.3 MiB)
Downloading [4/4] artifacts (22.3 MiB / 32.3 MiB)
Downloading [4/4] artifacts (22.3 MiB / 32.3 MiB)
Downloading [4/4] artifacts (22.3 MiB / 32.3 MiB)
Downloading [4/4] artifacts (22.4 MiB / 32.3 MiB)
Downloading [4/4] artifacts (22.4 MiB / 32.3 MiB)
Downloading [4/4] artifacts (22.4 MiB / 32.3 MiB)
Downloading [4/4] artifacts (22.4 MiB / 32.3 MiB)
Downloading [4/4] artifacts (22.4 MiB / 32.3 MiB)
Downloading [4/4] artifacts (22.4 MiB / 32.3 MiB)
Downloading [4/4] artifacts (22.5 MiB / 32.3 MiB)
Downloading [4/4] artifacts (22.5 MiB / 32.3 MiB)
Downloading [4/4] artifacts (22.5 MiB / 32.3 MiB)
Downloading [4/4] artifacts (22.5 MiB / 32.3 MiB)
Downloading [4/4] artifacts (22.5 MiB / 32.3 MiB)
Downloading [4/4] artifacts (22.5 MiB / 32.3 MiB)
Downloading [4/4] artifacts (22.5 MiB / 32.3 MiB)
Downloading [4/4] artifacts (22.6 MiB / 32.3 MiB)
Downloading [4/4] artifacts (22.6 MiB / 32.3 MiB)
Downloading [4/4] artifacts (22.6 MiB / 32.3 MiB)
Downloading [4/4] artifacts (22.6 MiB / 32.3 MiB)
Downloading [4/4] artifacts (22.6 MiB / 32.3 MiB)
Downloading [4/4] artifacts (22.6 MiB / 32.3 MiB)
Downloading [4/4] artifacts (22.6 MiB / 32.3 MiB)
Downloading [4/4] artifacts (22.6 MiB / 32.3 MiB)
Downloading [4/4] artifacts (22.7 MiB / 32.3 MiB)
Downloading [4/4] artifacts (22.7 MiB / 32.3 MiB)
Downloading [4/4] artifacts (22.7 MiB / 32.3 MiB)
Downloading [4/4] artifacts (22.7 MiB / 32.3 MiB)
Downloading [4/4] artifacts (22.7 MiB / 32.3 MiB)
Downloading [4/4] artifacts (22.7 MiB / 32.3 MiB)
Downloading [4/4] artifacts (22.8 MiB / 32.3 MiB)
Downloading [4/4] artifacts (22.8 MiB / 32.3 MiB)
Downloading [4/4] artifacts (22.8 MiB / 32.3 MiB)
Downloading [4/4] artifacts (22.8 MiB / 32.3 MiB)
Downloading [4/4] artifacts (22.8 MiB / 32.3 MiB)
Downloading [4/4] artifacts (22.8 MiB / 32.3 MiB)
Downloading [4/4] artifacts (22.8 MiB / 32.3 MiB)
Downloading [4/4] artifacts (22.9 MiB / 32.3 MiB)
Downloading [4/4] artifacts (22.9 MiB / 32.3 MiB)
Downloading [4/4] artifacts (22.9 MiB / 32.3 MiB)
Downloading [4/4] artifacts (22.9 MiB / 32.3 MiB)
Downloading [4/4] artifacts (22.9 MiB / 32.3 MiB)
Downloading [4/4] artifacts (22.9 MiB / 32.3 MiB)
Downloading [4/4] artifacts (23.0 MiB / 32.3 MiB)
Downloading [4/4] artifacts (23.0 MiB / 32.3 MiB)
Downloading [4/4] artifacts (23.0 MiB / 32.3 MiB)
Downloading [4/4] artifacts (23.0 MiB / 32.3 MiB)
Downloading [4/4] artifacts (23.0 MiB / 32.3 MiB)
Downloading [4/4] artifacts (23.0 MiB / 32.3 MiB)
Downloading [4/4] artifacts (23.0 MiB / 32.3 MiB)
Downloading [4/4] artifacts (23.1 MiB / 32.3 MiB)
Downloading [4/4] artifacts (23.1 MiB / 32.3 MiB)
Downloading [4/4] artifacts (23.1 MiB / 32.3 MiB)
Downloading [4/4] artifacts (23.1 MiB / 32.3 MiB)
Downloading [4/4] artifacts (23.1 MiB / 32.3 MiB)
Downloading [4/4] artifacts (23.1 MiB / 32.3 MiB)
Downloading [4/4] artifacts (23.2 MiB / 32.3 MiB)
Downloading [4/4] artifacts (23.2 MiB / 32.3 MiB)
Downloading [4/4] artifacts (23.2 MiB / 32.3 MiB)
Downloading [4/4] artifacts (23.2 MiB / 32.3 MiB)
Downloading [4/4] artifacts (23.2 MiB / 32.3 MiB)
Downloading [4/4] artifacts (23.2 MiB / 32.3 MiB)
Downloading [4/4] artifacts (23.3 MiB / 32.3 MiB)
Downloading [4/4] artifacts (23.3 MiB / 32.3 MiB)
Downloading [4/4] artifacts (23.3 MiB / 32.3 MiB)
Downloading [4/4] artifacts (23.3 MiB / 32.3 MiB)
Downloading [4/4] artifacts (23.3 MiB / 32.3 MiB)
Downloading [4/4] artifacts (23.3 MiB / 32.3 MiB)
Downloading [4/4] artifacts (23.3 MiB / 32.3 MiB)
Downloading [4/4] artifacts (23.4 MiB / 32.3 MiB)
Downloading [4/4] artifacts (23.4 MiB / 32.3 MiB)
Downloading [4/4] artifacts (23.4 MiB / 32.3 MiB)
Downloading [4/4] artifacts (23.4 MiB / 32.3 MiB)
Downloading [4/4] artifacts (23.4 MiB / 32.3 MiB)
Downloading [4/4] artifacts (23.4 MiB / 32.3 MiB)
Downloading [4/4] artifacts (23.5 MiB / 32.3 MiB)
Downloading [4/4] artifacts (23.5 MiB / 32.3 MiB)
Downloading [4/4] artifacts (23.5 MiB / 32.3 MiB)
Downloading [4/4] artifacts (23.5 MiB / 32.3 MiB)
Downloading [4/4] artifacts (23.5 MiB / 32.3 MiB)
Downloading [4/4] artifacts (23.5 MiB / 32.3 MiB)
Downloading [4/4] artifacts (23.5 MiB / 32.3 MiB)
Downloading [4/4] artifacts (23.6 MiB / 32.3 MiB)
Downloading [4/4] artifacts (23.6 MiB / 32.3 MiB)
Downloading [4/4] artifacts (23.6 MiB / 32.3 MiB)
Downloading [4/4] artifacts (23.6 MiB / 32.3 MiB)
Downloading [4/4] artifacts (23.6 MiB / 32.3 MiB)
Downloading [4/4] artifacts (23.6 MiB / 32.3 MiB)
Downloading [4/4] artifacts (23.7 MiB / 32.3 MiB)
Downloading [4/4] artifacts (23.7 MiB / 32.3 MiB)
Downloading [4/4] artifacts (23.7 MiB / 32.3 MiB)
Downloading [4/4] artifacts (23.7 MiB / 32.3 MiB)
Downloading [4/4] artifacts (23.7 MiB / 32.3 MiB)
Downloading [4/4] artifacts (23.7 MiB / 32.3 MiB)
Downloading [4/4] artifacts (23.8 MiB / 32.3 MiB)
Downloading [4/4] artifacts (23.8 MiB / 32.3 MiB)
Downloading [4/4] artifacts (23.8 MiB / 32.3 MiB)
Downloading [4/4] artifacts (23.8 MiB / 32.3 MiB)
Downloading [4/4] artifacts (23.8 MiB / 32.3 MiB)
Downloading [4/4] artifacts (23.8 MiB / 32.3 MiB)
Downloading [4/4] artifacts (23.8 MiB / 32.3 MiB)
Downloading [4/4] artifacts (23.9 MiB / 32.3 MiB)
Downloading [4/4] artifacts (23.9 MiB / 32.3 MiB)
Downloading [4/4] artifacts (23.9 MiB / 32.3 MiB)
Downloading [4/4] artifacts (23.9 MiB / 32.3 MiB)
Downloading [4/4] artifacts (23.9 MiB / 32.3 MiB)
Downloading [4/4] artifacts (23.9 MiB / 32.3 MiB)
Downloading [4/4] artifacts (24.0 MiB / 32.3 MiB)
Downloading [4/4] artifacts (24.0 MiB / 32.3 MiB)
Downloading [4/4] artifacts (24.0 MiB / 32.3 MiB)
Downloading [4/4] artifacts (24.0 MiB / 32.3 MiB)
Downloading [4/4] artifacts (24.0 MiB / 32.3 MiB)
Downloading [4/4] artifacts (24.0 MiB / 32.3 MiB)
Downloading [4/4] artifacts (24.0 MiB / 32.3 MiB)
Downloading [4/4] artifacts (24.1 MiB / 32.3 MiB)
Downloading [4/4] artifacts (24.1 MiB / 32.3 MiB)
Downloading [4/4] artifacts (24.1 MiB / 32.3 MiB)
Downloading [4/4] artifacts (24.1 MiB / 32.3 MiB)
Downloading [4/4] artifacts (24.1 MiB / 32.3 MiB)
Downloading [4/4] artifacts (24.1 MiB / 32.3 MiB)
Downloading [4/4] artifacts (24.2 MiB / 32.3 MiB)
Downloading [4/4] artifacts (24.2 MiB / 32.3 MiB)
Downloading [4/4] artifacts (24.2 MiB / 32.3 MiB)
Downloading [4/4] artifacts (24.2 MiB / 32.3 MiB)
Downloading [4/4] artifacts (24.2 MiB / 32.3 MiB)
Downloading [4/4] artifacts (24.2 MiB / 32.3 MiB)
Downloading [4/4] artifacts (24.3 MiB / 32.3 MiB)
Downloading [4/4] artifacts (24.3 MiB / 32.3 MiB)
Downloading [4/4] artifacts (24.3 MiB / 32.3 MiB)
Downloading [4/4] artifacts (24.3 MiB / 32.3 MiB)
Downloading [4/4] artifacts (24.3 MiB / 32.3 MiB)
Downloading [4/4] artifacts (24.3 MiB / 32.3 MiB)
Downloading [4/4] artifacts (24.3 MiB / 32.3 MiB)
Downloading [4/4] artifacts (24.4 MiB / 32.3 MiB)
Downloading [4/4] artifacts (24.4 MiB / 32.3 MiB)
Downloading [4/4] artifacts (24.4 MiB / 32.3 MiB)
Downloading [4/4] artifacts (24.4 MiB / 32.3 MiB)
Downloading [4/4] artifacts (24.4 MiB / 32.3 MiB)
Downloading [4/4] artifacts (24.4 MiB / 32.3 MiB)
Downloading [4/4] artifacts (24.5 MiB / 32.3 MiB)
Downloading [4/4] artifacts (24.5 MiB / 32.3 MiB)
Downloading [4/4] artifacts (24.5 MiB / 32.3 MiB)
Downloading [4/4] artifacts (24.5 MiB / 32.3 MiB)
Downloading [4/4] artifacts (24.5 MiB / 32.3 MiB)
Downloading [4/4] artifacts (24.5 MiB / 32.3 MiB)
Downloading [4/4] artifacts (24.5 MiB / 32.3 MiB)
Downloading [4/4] artifacts (24.6 MiB / 32.3 MiB)
Downloading [4/4] artifacts (24.6 MiB / 32.3 MiB)
Downloading [4/4] artifacts (24.6 MiB / 32.3 MiB)
Downloading [4/4] artifacts (24.6 MiB / 32.3 MiB)
Downloading [4/4] artifacts (24.6 MiB / 32.3 MiB)
Downloading [4/4] artifacts (24.6 MiB / 32.3 MiB)
Downloading [4/4] artifacts (24.7 MiB / 32.3 MiB)
Downloading [4/4] artifacts (24.7 MiB / 32.3 MiB)
Downloading [4/4] artifacts (24.7 MiB / 32.3 MiB)
Downloading [4/4] artifacts (24.7 MiB / 32.3 MiB)
Downloading [4/4] artifacts (24.7 MiB / 32.3 MiB)
Downloading [4/4] artifacts (24.7 MiB / 32.3 MiB)
Downloading [4/4] artifacts (24.8 MiB / 32.3 MiB)
Downloading [4/4] artifacts (24.8 MiB / 32.3 MiB)
Downloading [4/4] artifacts (24.8 MiB / 32.3 MiB)
Downloading [4/4] artifacts (24.8 MiB / 32.3 MiB)
Downloading [4/4] artifacts (24.8 MiB / 32.3 MiB)
Downloading [4/4] artifacts (24.8 MiB / 32.3 MiB)
Downloading [4/4] artifacts (24.8 MiB / 32.3 MiB)
Downloading [4/4] artifacts (24.9 MiB / 32.3 MiB)
Downloading [4/4] artifacts (24.9 MiB / 32.3 MiB)
Downloading [4/4] artifacts (24.9 MiB / 32.3 MiB)
Downloading [4/4] artifacts (24.9 MiB / 32.3 MiB)
Downloading [4/4] artifacts (24.9 MiB / 32.3 MiB)
Downloading [4/4] artifacts (24.9 MiB / 32.3 MiB)
Downloading [4/4] artifacts (24.9 MiB / 32.3 MiB)
Downloading [4/4] artifacts (25.0 MiB / 32.3 MiB)
Downloading [4/4] artifacts (25.0 MiB / 32.3 MiB)
Downloading [4/4] artifacts (25.0 MiB / 32.3 MiB)
Downloading [4/4] artifacts (25.0 MiB / 32.3 MiB)
Downloading [4/4] artifacts (25.0 MiB / 32.3 MiB)
Downloading [4/4] artifacts (25.0 MiB / 32.3 MiB)
Downloading [4/4] artifacts (25.0 MiB / 32.3 MiB)
Downloading [4/4] artifacts (25.1 MiB / 32.3 MiB)
Downloading [4/4] artifacts (25.1 MiB / 32.3 MiB)
Downloading [4/4] artifacts (25.1 MiB / 32.3 MiB)
Downloading [4/4] artifacts (25.1 MiB / 32.3 MiB)
Downloading [4/4] artifacts (25.1 MiB / 32.3 MiB)
Downloading [4/4] artifacts (25.1 MiB / 32.3 MiB)
Downloading [4/4] artifacts (25.2 MiB / 32.3 MiB)
Downloading [4/4] artifacts (25.2 MiB / 32.3 MiB)
Downloading [4/4] artifacts (25.2 MiB / 32.3 MiB)
Downloading [4/4] artifacts (25.2 MiB / 32.3 MiB)
Downloading [4/4] artifacts (25.2 MiB / 32.3 MiB)
Downloading [4/4] artifacts (25.2 MiB / 32.3 MiB)
Downloading [4/4] artifacts (25.2 MiB / 32.3 MiB)
Downloading [4/4] artifacts (25.3 MiB / 32.3 MiB)
Downloading [4/4] artifacts (25.3 MiB / 32.3 MiB)
Downloading [4/4] artifacts (25.3 MiB / 32.3 MiB)
Downloading [4/4] artifacts (25.3 MiB / 32.3 MiB)
Downloading [4/4] artifacts (25.3 MiB / 32.3 MiB)
Downloading [4/4] artifacts (25.3 MiB / 32.3 MiB)
Downloading [4/4] artifacts (25.4 MiB / 32.3 MiB)
Downloading [4/4] artifacts (25.4 MiB / 32.3 MiB)
Downloading [4/4] artifacts (25.4 MiB / 32.3 MiB)
Downloading [4/4] artifacts (25.4 MiB / 32.3 MiB)
Downloading [4/4] artifacts (25.4 MiB / 32.3 MiB)
Downloading [4/4] artifacts (25.4 MiB / 32.3 MiB)
Downloading [4/4] artifacts (25.5 MiB / 32.3 MiB)
Downloading [4/4] artifacts (25.5 MiB / 32.3 MiB)
Downloading [4/4] artifacts (25.5 MiB / 32.3 MiB)
Downloading [4/4] artifacts (25.5 MiB / 32.3 MiB)
Downloading [4/4] artifacts (25.5 MiB / 32.3 MiB)
Downloading [4/4] artifacts (25.5 MiB / 32.3 MiB)
Downloading [4/4] artifacts (25.5 MiB / 32.3 MiB)
Downloading [4/4] artifacts (25.6 MiB / 32.3 MiB)
Downloading [4/4] artifacts (25.6 MiB / 32.3 MiB)
Downloading [4/4] artifacts (25.6 MiB / 32.3 MiB)
Downloading [4/4] artifacts (25.6 MiB / 32.3 MiB)
Downloading [4/4] artifacts (25.6 MiB / 32.3 MiB)
Downloading [4/4] artifacts (25.6 MiB / 32.3 MiB)
Downloading [4/4] artifacts (25.7 MiB / 32.3 MiB)
Downloading [4/4] artifacts (25.7 MiB / 32.3 MiB)
Downloading [4/4] artifacts (25.7 MiB / 32.3 MiB)
Downloading [4/4] artifacts (25.7 MiB / 32.3 MiB)
Downloading [4/4] artifacts (25.7 MiB / 32.3 MiB)
Downloading [4/4] artifacts (25.7 MiB / 32.3 MiB)
Downloading [4/4] artifacts (25.7 MiB / 32.3 MiB)
Downloading [4/4] artifacts (25.8 MiB / 32.3 MiB)
Downloading [4/4] artifacts (25.8 MiB / 32.3 MiB)
Downloading [4/4] artifacts (25.8 MiB / 32.3 MiB)
Downloading [4/4] artifacts (25.8 MiB / 32.3 MiB)
Downloading [4/4] artifacts (25.8 MiB / 32.3 MiB)
Downloading [4/4] artifacts (25.8 MiB / 32.3 MiB)
Downloading [4/4] artifacts (25.8 MiB / 32.3 MiB)
Downloading [4/4] artifacts (25.9 MiB / 32.3 MiB)
Downloading [4/4] artifacts (25.9 MiB / 32.3 MiB)
Downloading [4/4] artifacts (25.9 MiB / 32.3 MiB)
Downloading [4/4] artifacts (25.9 MiB / 32.3 MiB)
Downloading [4/4] artifacts (25.9 MiB / 32.3 MiB)
Downloading [4/4] artifacts (25.9 MiB / 32.3 MiB)
Downloading [4/4] artifacts (26.0 MiB / 32.3 MiB)
Downloading [4/4] artifacts (26.0 MiB / 32.3 MiB)
Downloading [4/4] artifacts (26.0 MiB / 32.3 MiB)
Downloading [4/4] artifacts (26.0 MiB / 32.3 MiB)
Downloading [4/4] artifacts (26.0 MiB / 32.3 MiB)
Downloading [4/4] artifacts (26.0 MiB / 32.3 MiB)
Downloading [4/4] artifacts (26.0 MiB / 32.3 MiB)
Downloading [4/4] artifacts (26.1 MiB / 32.3 MiB)
Downloading [4/4] artifacts (26.1 MiB / 32.3 MiB)
Downloading [4/4] artifacts (26.1 MiB / 32.3 MiB)
Downloading [4/4] artifacts (26.1 MiB / 32.3 MiB)
Downloading [4/4] artifacts (26.1 MiB / 32.3 MiB)
Downloading [4/4] artifacts (26.1 MiB / 32.3 MiB)
Downloading [4/4] artifacts (26.1 MiB / 32.3 MiB)
Downloading [4/4] artifacts (26.1 MiB / 32.3 MiB)
Downloading [4/4] artifacts (26.2 MiB / 32.3 MiB)
Downloading [4/4] artifacts (26.2 MiB / 32.3 MiB)
Downloading [4/4] artifacts (26.2 MiB / 32.3 MiB)
Downloading [4/4] artifacts (26.2 MiB / 32.3 MiB)
Downloading [4/4] artifacts (26.2 MiB / 32.3 MiB)
Downloading [4/4] artifacts (26.2 MiB / 32.3 MiB)
Downloading [4/4] artifacts (26.3 MiB / 32.3 MiB)
Downloading [4/4] artifacts (26.3 MiB / 32.3 MiB)
Downloading [4/4] artifacts (26.3 MiB / 32.3 MiB)
Downloading [4/4] artifacts (26.3 MiB / 32.3 MiB)
Downloading [4/4] artifacts (26.3 MiB / 32.3 MiB)
Downloading [4/4] artifacts (26.3 MiB / 32.3 MiB)
Downloading [4/4] artifacts (26.3 MiB / 32.3 MiB)
Downloading [4/4] artifacts (26.4 MiB / 32.3 MiB)
Downloading [4/4] artifacts (26.4 MiB / 32.3 MiB)
Downloading [4/4] artifacts (26.4 MiB / 32.3 MiB)
Downloading [4/4] artifacts (26.4 MiB / 32.3 MiB)
Downloading [4/4] artifacts (26.4 MiB / 32.3 MiB)
Downloading [4/4] artifacts (26.4 MiB / 32.3 MiB)
Downloading [4/4] artifacts (26.5 MiB / 32.3 MiB)
Downloading [4/4] artifacts (26.5 MiB / 32.3 MiB)
Downloading [4/4] artifacts (26.5 MiB / 32.3 MiB)
Downloading [4/4] artifacts (26.5 MiB / 32.3 MiB)
Downloading [4/4] artifacts (26.5 MiB / 32.3 MiB)
Downloading [4/4] artifacts (26.5 MiB / 32.3 MiB)
Downloading [4/4] artifacts (26.6 MiB / 32.3 MiB)
Downloading [4/4] artifacts (26.6 MiB / 32.3 MiB)
Downloading [4/4] artifacts (26.6 MiB / 32.3 MiB)
Downloading [4/4] artifacts (26.6 MiB / 32.3 MiB)
Downloading [4/4] artifacts (26.6 MiB / 32.3 MiB)
Downloading [4/4] artifacts (26.6 MiB / 32.3 MiB)
Downloading [4/4] artifacts (26.6 MiB / 32.3 MiB)
Downloading [4/4] artifacts (26.7 MiB / 32.3 MiB)
Downloading [4/4] artifacts (26.7 MiB / 32.3 MiB)
Downloading [4/4] artifacts (26.7 MiB / 32.3 MiB)
Downloading [4/4] artifacts (26.7 MiB / 32.3 MiB)
Downloading [4/4] artifacts (26.7 MiB / 32.3 MiB)
Downloading [4/4] artifacts (26.7 MiB / 32.3 MiB)
Downloading [4/4] artifacts (26.7 MiB / 32.3 MiB)
Downloading [4/4] artifacts (26.8 MiB / 32.3 MiB)
Downloading [4/4] artifacts (26.8 MiB / 32.3 MiB)
Downloading [4/4] artifacts (26.8 MiB / 32.3 MiB)
Downloading [4/4] artifacts (26.8 MiB / 32.3 MiB)
Downloading [4/4] artifacts (26.8 MiB / 32.3 MiB)
Downloading [4/4] artifacts (26.8 MiB / 32.3 MiB)
Downloading [4/4] artifacts (26.9 MiB / 32.3 MiB)
Downloading [4/4] artifacts (26.9 MiB / 32.3 MiB)
Downloading [4/4] artifacts (26.9 MiB / 32.3 MiB)
Downloading [4/4] artifacts (26.9 MiB / 32.3 MiB)
Downloading [4/4] artifacts (26.9 MiB / 32.3 MiB)
Downloading [4/4] artifacts (26.9 MiB / 32.3 MiB)
Downloading [4/4] artifacts (27.0 MiB / 32.3 MiB)
Downloading [4/4] artifacts (27.0 MiB / 32.3 MiB)
Downloading [4/4] artifacts (27.0 MiB / 32.3 MiB)
Downloading [4/4] artifacts (27.0 MiB / 32.3 MiB)
Downloading [4/4] artifacts (27.0 MiB / 32.3 MiB)
Downloading [4/4] artifacts (27.0 MiB / 32.3 MiB)
Downloading [4/4] artifacts (27.0 MiB / 32.3 MiB)
Downloading [4/4] artifacts (27.1 MiB / 32.3 MiB)
Downloading [4/4] artifacts (27.1 MiB / 32.3 MiB)
Downloading [4/4] artifacts (27.1 MiB / 32.3 MiB)
Downloading [4/4] artifacts (27.1 MiB / 32.3 MiB)
Downloading [4/4] artifacts (27.1 MiB / 32.3 MiB)
Downloading [4/4] artifacts (27.1 MiB / 32.3 MiB)
Downloading [4/4] artifacts (27.2 MiB / 32.3 MiB)
Downloading [4/4] artifacts (27.2 MiB / 32.3 MiB)
Downloading [4/4] artifacts (27.2 MiB / 32.3 MiB)
Downloading [4/4] artifacts (27.2 MiB / 32.3 MiB)
Downloading [4/4] artifacts (27.2 MiB / 32.3 MiB)
Downloading [4/4] artifacts (27.2 MiB / 32.3 MiB)
Downloading [4/4] artifacts (27.2 MiB / 32.3 MiB)
Downloading [4/4] artifacts (27.3 MiB / 32.3 MiB)
Downloading [4/4] artifacts (27.3 MiB / 32.3 MiB)
Downloading [4/4] artifacts (27.3 MiB / 32.3 MiB)
Downloading [4/4] artifacts (27.3 MiB / 32.3 MiB)
Downloading [4/4] artifacts (27.3 MiB / 32.3 MiB)
Downloading [4/4] artifacts (27.3 MiB / 32.3 MiB)
Downloading [4/4] artifacts (27.3 MiB / 32.3 MiB)
Downloading [4/4] artifacts (27.4 MiB / 32.3 MiB)
Downloading [4/4] artifacts (27.4 MiB / 32.3 MiB)
Downloading [4/4] artifacts (27.4 MiB / 32.3 MiB)
Downloading [4/4] artifacts (27.4 MiB / 32.3 MiB)
Downloading [4/4] artifacts (27.4 MiB / 32.3 MiB)
Downloading [4/4] artifacts (27.4 MiB / 32.3 MiB)
Downloading [4/4] artifacts (27.4 MiB / 32.3 MiB)
Downloading [4/4] artifacts (27.5 MiB / 32.3 MiB)
Downloading [4/4] artifacts (27.5 MiB / 32.3 MiB)
Downloading [4/4] artifacts (27.5 MiB / 32.3 MiB)
Downloading [4/4] artifacts (27.5 MiB / 32.3 MiB)
Downloading [4/4] artifacts (27.5 MiB / 32.3 MiB)
Downloading [4/4] artifacts (27.5 MiB / 32.3 MiB)
Downloading [4/4] artifacts (27.6 MiB / 32.3 MiB)
Downloading [4/4] artifacts (27.6 MiB / 32.3 MiB)
Downloading [4/4] artifacts (27.6 MiB / 32.3 MiB)
Downloading [4/4] artifacts (27.6 MiB / 32.3 MiB)
Downloading [4/4] artifacts (27.6 MiB / 32.3 MiB)
Downloading [4/4] artifacts (27.6 MiB / 32.3 MiB)
Downloading [4/4] artifacts (27.7 MiB / 32.3 MiB)
Downloading [4/4] artifacts (27.7 MiB / 32.3 MiB)
Downloading [4/4] artifacts (27.7 MiB / 32.3 MiB)
Downloading [4/4] artifacts (27.7 MiB / 32.3 MiB)
Downloading [4/4] artifacts (27.7 MiB / 32.3 MiB)
Downloading [4/4] artifacts (27.7 MiB / 32.3 MiB)
Downloading [4/4] artifacts (27.7 MiB / 32.3 MiB)
Downloading [4/4] artifacts (27.8 MiB / 32.3 MiB)
Downloading [4/4] artifacts (27.8 MiB / 32.3 MiB)
Downloading [4/4] artifacts (27.8 MiB / 32.3 MiB)
Downloading [4/4] artifacts (27.8 MiB / 32.3 MiB)
Downloading [4/4] artifacts (27.8 MiB / 32.3 MiB)
Downloading [4/4] artifacts (27.8 MiB / 32.3 MiB)
Downloading [4/4] artifacts (27.9 MiB / 32.3 MiB)
Downloading [4/4] artifacts (27.9 MiB / 32.3 MiB)
Downloading [4/4] artifacts (27.9 MiB / 32.3 MiB)
Downloading [4/4] artifacts (27.9 MiB / 32.3 MiB)
Downloading [4/4] artifacts (27.9 MiB / 32.3 MiB)
Downloading [4/4] artifacts (27.9 MiB / 32.3 MiB)
Downloading [4/4] artifacts (27.9 MiB / 32.3 MiB)
Downloading [4/4] artifacts (28.0 MiB / 32.3 MiB)
Downloading [4/4] artifacts (28.0 MiB / 32.3 MiB)
Downloading [4/4] artifacts (28.0 MiB / 32.3 MiB)
Downloading [4/4] artifacts (28.0 MiB / 32.3 MiB)
Downloading [4/4] artifacts (28.0 MiB / 32.3 MiB)
Downloading [4/4] artifacts (28.0 MiB / 32.3 MiB)
Downloading [4/4] artifacts (28.1 MiB / 32.3 MiB)
Downloading [4/4] artifacts (28.1 MiB / 32.3 MiB)
Downloading [4/4] artifacts (28.1 MiB / 32.3 MiB)
Downloading [4/4] artifacts (28.1 MiB / 32.3 MiB)
Downloading [4/4] artifacts (28.1 MiB / 32.3 MiB)
Downloading [4/4] artifacts (28.1 MiB / 32.3 MiB)
Downloading [4/4] artifacts (28.1 MiB / 32.3 MiB)
Downloading [4/4] artifacts (28.2 MiB / 32.3 MiB)
Downloading [4/4] artifacts (28.2 MiB / 32.3 MiB)
Downloading [4/4] artifacts (28.2 MiB / 32.3 MiB)
Downloading [4/4] artifacts (28.2 MiB / 32.3 MiB)
Downloading [4/4] artifacts (28.2 MiB / 32.3 MiB)
Downloading [4/4] artifacts (28.2 MiB / 32.3 MiB)
Downloading [4/4] artifacts (28.3 MiB / 32.3 MiB)
Downloading [4/4] artifacts (28.3 MiB / 32.3 MiB)
Downloading [4/4] artifacts (28.3 MiB / 32.3 MiB)
Downloading [4/4] artifacts (28.3 MiB / 32.3 MiB)
Downloading [4/4] artifacts (28.3 MiB / 32.3 MiB)
Downloading [4/4] artifacts (28.3 MiB / 32.3 MiB)
Downloading [4/4] artifacts (28.3 MiB / 32.3 MiB)
Downloading [4/4] artifacts (28.4 MiB / 32.3 MiB)
Downloading [4/4] artifacts (28.4 MiB / 32.3 MiB)
Downloading [4/4] artifacts (28.4 MiB / 32.3 MiB)
Downloading [4/4] artifacts (28.4 MiB / 32.3 MiB)
Downloading [4/4] artifacts (28.4 MiB / 32.3 MiB)
Downloading [4/4] artifacts (28.4 MiB / 32.3 MiB)
Downloading [4/4] artifacts (28.4 MiB / 32.3 MiB)
Downloading [4/4] artifacts (28.5 MiB / 32.3 MiB)
Downloading [4/4] artifacts (28.5 MiB / 32.3 MiB)
Downloading [4/4] artifacts (28.5 MiB / 32.3 MiB)
Downloading [4/4] artifacts (28.5 MiB / 32.3 MiB)
Downloading [4/4] artifacts (28.5 MiB / 32.3 MiB)
Downloading [4/4] artifacts (28.5 MiB / 32.3 MiB)
Downloading [4/4] artifacts (28.6 MiB / 32.3 MiB)
Downloading [4/4] artifacts (28.6 MiB / 32.3 MiB)
Downloading [4/4] artifacts (28.6 MiB / 32.3 MiB)
Downloading [4/4] artifacts (28.6 MiB / 32.3 MiB)
Downloading [4/4] artifacts (28.6 MiB / 32.3 MiB)
Downloading [4/4] artifacts (28.6 MiB / 32.3 MiB)
Downloading [4/4] artifacts (28.6 MiB / 32.3 MiB)
Downloading [4/4] artifacts (28.7 MiB / 32.3 MiB)
Downloading [4/4] artifacts (28.7 MiB / 32.3 MiB)
Downloading [4/4] artifacts (28.7 MiB / 32.3 MiB)
Downloading [4/4] artifacts (28.7 MiB / 32.3 MiB)
Downloading [4/4] artifacts (28.7 MiB / 32.3 MiB)
Downloading [4/4] artifacts (28.7 MiB / 32.3 MiB)
Downloading [4/4] artifacts (28.7 MiB / 32.3 MiB)
Downloading [4/4] artifacts (28.8 MiB / 32.3 MiB)
Downloading [4/4] artifacts (28.8 MiB / 32.3 MiB)
Downloading [4/4] artifacts (28.8 MiB / 32.3 MiB)
Downloading [4/4] artifacts (28.8 MiB / 32.3 MiB)
Downloading [4/4] artifacts (28.8 MiB / 32.3 MiB)
Downloading [4/4] artifacts (28.8 MiB / 32.3 MiB)
Downloading [4/4] artifacts (28.9 MiB / 32.3 MiB)
Downloading [4/4] artifacts (28.9 MiB / 32.3 MiB)
Downloading [4/4] artifacts (28.9 MiB / 32.3 MiB)
Downloading [4/4] artifacts (28.9 MiB / 32.3 MiB)
Downloading [4/4] artifacts (28.9 MiB / 32.3 MiB)
Downloading [4/4] artifacts (28.9 MiB / 32.3 MiB)
Downloading [4/4] artifacts (29.0 MiB / 32.3 MiB)
Downloading [4/4] artifacts (29.0 MiB / 32.3 MiB)
Downloading [4/4] artifacts (29.0 MiB / 32.3 MiB)
Downloading [4/4] artifacts (29.0 MiB / 32.3 MiB)
Downloading [4/4] artifacts (29.0 MiB / 32.3 MiB)
Downloading [4/4] artifacts (29.0 MiB / 32.3 MiB)
Downloading [4/4] artifacts (29.0 MiB / 32.3 MiB)
Downloading [4/4] artifacts (29.1 MiB / 32.3 MiB)
Downloading [4/4] artifacts (29.1 MiB / 32.3 MiB)
Downloading [4/4] artifacts (29.1 MiB / 32.3 MiB)
Downloading [4/4] artifacts (29.1 MiB / 32.3 MiB)
Downloading [4/4] artifacts (29.1 MiB / 32.3 MiB)
Downloading [4/4] artifacts (29.1 MiB / 32.3 MiB)
Downloading [4/4] artifacts (29.2 MiB / 32.3 MiB)
Downloading [4/4] artifacts (29.2 MiB / 32.3 MiB)
Downloading [4/4] artifacts (29.2 MiB / 32.3 MiB)
Downloading [4/4] artifacts (29.2 MiB / 32.3 MiB)
Downloading [4/4] artifacts (29.2 MiB / 32.3 MiB)
Downloading [4/4] artifacts (29.2 MiB / 32.3 MiB)
Downloading [4/4] artifacts (29.2 MiB / 32.3 MiB)
Downloading [4/4] artifacts (29.3 MiB / 32.3 MiB)
Downloading [4/4] artifacts (29.3 MiB / 32.3 MiB)
Downloading [4/4] artifacts (29.3 MiB / 32.3 MiB)
Downloading [4/4] artifacts (29.3 MiB / 32.3 MiB)
Downloading [4/4] artifacts (29.3 MiB / 32.3 MiB)
Downloading [4/4] artifacts (29.3 MiB / 32.3 MiB)
Downloading [4/4] artifacts (29.4 MiB / 32.3 MiB)
Downloading [4/4] artifacts (29.4 MiB / 32.3 MiB)
Downloading [4/4] artifacts (29.4 MiB / 32.3 MiB)
Downloading [4/4] artifacts (29.4 MiB / 32.3 MiB)
Downloading [4/4] artifacts (29.4 MiB / 32.3 MiB)
Downloading [4/4] artifacts (29.4 MiB / 32.3 MiB)
Downloading [4/4] artifacts (29.4 MiB / 32.3 MiB)
Downloading [4/4] artifacts (29.5 MiB / 32.3 MiB)
Downloading [4/4] artifacts (29.5 MiB / 32.3 MiB)
Downloading [4/4] artifacts (29.5 MiB / 32.3 MiB)
Downloading [4/4] artifacts (29.5 MiB / 32.3 MiB)
Downloading [4/4] artifacts (29.5 MiB / 32.3 MiB)
Downloading [4/4] artifacts (29.5 MiB / 32.3 MiB)
Downloading [4/4] artifacts (29.6 MiB / 32.3 MiB)
Downloading [4/4] artifacts (29.6 MiB / 32.3 MiB)
Downloading [4/4] artifacts (29.6 MiB / 32.3 MiB)
Downloading [4/4] artifacts (29.6 MiB / 32.3 MiB)
Downloading [4/4] artifacts (29.6 MiB / 32.3 MiB)
Downloading [4/4] artifacts (29.6 MiB / 32.3 MiB)
Downloading [4/4] artifacts (29.6 MiB / 32.3 MiB)
Downloading [4/4] artifacts (29.7 MiB / 32.3 MiB)
Downloading [4/4] artifacts (29.7 MiB / 32.3 MiB)
Downloading [4/4] artifacts (29.7 MiB / 32.3 MiB)
Downloading [4/4] artifacts (29.7 MiB / 32.3 MiB)
Downloading [4/4] artifacts (29.7 MiB / 32.3 MiB)
Downloading [4/4] artifacts (29.7 MiB / 32.3 MiB)
Downloading [4/4] artifacts (29.8 MiB / 32.3 MiB)
Downloading [4/4] artifacts (29.8 MiB / 32.3 MiB)
Downloading [4/4] artifacts (29.8 MiB / 32.3 MiB)
Downloading [4/4] artifacts (29.8 MiB / 32.3 MiB)
Downloading [4/4] artifacts (29.8 MiB / 32.3 MiB)
Downloading [4/4] artifacts (29.8 MiB / 32.3 MiB)
Downloading [4/4] artifacts (29.9 MiB / 32.3 MiB)
Downloading [4/4] artifacts (29.9 MiB / 32.3 MiB)
Downloading [4/4] artifacts (29.9 MiB / 32.3 MiB)
Downloading [4/4] artifacts (29.9 MiB / 32.3 MiB)
Downloading [4/4] artifacts (29.9 MiB / 32.3 MiB)
Downloading [4/4] artifacts (29.9 MiB / 32.3 MiB)
Downloading [4/4] artifacts (29.9 MiB / 32.3 MiB)
Downloading [4/4] artifacts (30.0 MiB / 32.3 MiB)
Downloading [4/4] artifacts (30.0 MiB / 32.3 MiB)
Downloading [4/4] artifacts (30.0 MiB / 32.3 MiB)
Downloading [4/4] artifacts (30.0 MiB / 32.3 MiB)
Downloading [4/4] artifacts (30.0 MiB / 32.3 MiB)
Downloading [4/4] artifacts (30.0 MiB / 32.3 MiB)
Downloading [4/4] artifacts (30.0 MiB / 32.3 MiB)
Downloading [4/4] artifacts (30.1 MiB / 32.3 MiB)
Downloading [4/4] artifacts (30.1 MiB / 32.3 MiB)
Downloading [4/4] artifacts (30.1 MiB / 32.3 MiB)
Downloading [4/4] artifacts (30.1 MiB / 32.3 MiB)
Downloading [4/4] artifacts (30.1 MiB / 32.3 MiB)
Downloading [4/4] artifacts (30.1 MiB / 32.3 MiB)
Downloading [4/4] artifacts (30.2 MiB / 32.3 MiB)
Downloading [4/4] artifacts (30.2 MiB / 32.3 MiB)
Downloading [4/4] artifacts (30.2 MiB / 32.3 MiB)
Downloading [4/4] artifacts (30.2 MiB / 32.3 MiB)
Downloading [4/4] artifacts (30.2 MiB / 32.3 MiB)
Downloading [4/4] artifacts (30.2 MiB / 32.3 MiB)
Downloading [4/4] artifacts (30.3 MiB / 32.3 MiB)
Downloading [4/4] artifacts (30.3 MiB / 32.3 MiB)
Downloading [4/4] artifacts (30.3 MiB / 32.3 MiB)
Downloading [4/4] artifacts (30.3 MiB / 32.3 MiB)
Downloading [4/4] artifacts (30.3 MiB / 32.3 MiB)
Downloading [4/4] artifacts (30.3 MiB / 32.3 MiB)
Downloading [4/4] artifacts (30.3 MiB / 32.3 MiB)
Downloading [4/4] artifacts (30.4 MiB / 32.3 MiB)
Downloading [4/4] artifacts (30.4 MiB / 32.3 MiB)
Downloading [4/4] artifacts (30.4 MiB / 32.3 MiB)
Downloading [4/4] artifacts (30.4 MiB / 32.3 MiB)
Downloading [4/4] artifacts (30.4 MiB / 32.3 MiB)
Downloading [4/4] artifacts (30.4 MiB / 32.3 MiB)
Downloading [4/4] artifacts (30.5 MiB / 32.3 MiB)
Downloading [4/4] artifacts (30.5 MiB / 32.3 MiB)
Downloading [4/4] artifacts (30.5 MiB / 32.3 MiB)
Downloading [4/4] artifacts (30.5 MiB / 32.3 MiB)
Downloading [4/4] artifacts (30.5 MiB / 32.3 MiB)
Downloading [4/4] artifacts (30.5 MiB / 32.3 MiB)
Downloading [4/4] artifacts (30.5 MiB / 32.3 MiB)
Downloading [4/4] artifacts (30.5 MiB / 32.3 MiB)
Downloading [4/4] artifacts (30.6 MiB / 32.3 MiB)
Downloading [4/4] artifacts (30.6 MiB / 32.3 MiB)
Downloading [4/4] artifacts (30.6 MiB / 32.3 MiB)
Downloading [4/4] artifacts (30.6 MiB / 32.3 MiB)
Downloading [4/4] artifacts (30.6 MiB / 32.3 MiB)
Downloading [4/4] artifacts (30.6 MiB / 32.3 MiB)
Downloading [4/4] artifacts (30.6 MiB / 32.3 MiB)
Downloading [4/4] artifacts (30.7 MiB / 32.3 MiB)
Downloading [4/4] artifacts (30.7 MiB / 32.3 MiB)
Downloading [4/4] artifacts (30.7 MiB / 32.3 MiB)
Downloading [4/4] artifacts (30.7 MiB / 32.3 MiB)
Downloading [4/4] artifacts (30.7 MiB / 32.3 MiB)
Downloading [4/4] artifacts (30.7 MiB / 32.3 MiB)
Downloading [4/4] artifacts (30.7 MiB / 32.3 MiB)
Downloading [4/4] artifacts (30.8 MiB / 32.3 MiB)
Downloading [4/4] artifacts (30.8 MiB / 32.3 MiB)
Downloading [4/4] artifacts (30.8 MiB / 32.3 MiB)
Downloading [4/4] artifacts (30.8 MiB / 32.3 MiB)
Downloading [4/4] artifacts (30.8 MiB / 32.3 MiB)
Downloading [4/4] artifacts (30.8 MiB / 32.3 MiB)
Downloading [4/4] artifacts (30.8 MiB / 32.3 MiB)
Downloading [4/4] artifacts (30.9 MiB / 32.3 MiB)
Downloading [4/4] artifacts (30.9 MiB / 32.3 MiB)
Downloading [4/4] artifacts (30.9 MiB / 32.3 MiB)
Downloading [4/4] artifacts (30.9 MiB / 32.3 MiB)
Downloading [4/4] artifacts (30.9 MiB / 32.3 MiB)
Downloading [4/4] artifacts (30.9 MiB / 32.3 MiB)
Downloading [4/4] artifacts (31.0 MiB / 32.3 MiB)
Downloading [4/4] artifacts (31.0 MiB / 32.3 MiB)
Downloading [4/4] artifacts (31.0 MiB / 32.3 MiB)
Downloading [4/4] artifacts (31.0 MiB / 32.3 MiB)
Downloading [4/4] artifacts (31.0 MiB / 32.3 MiB)
Downloading [4/4] artifacts (31.0 MiB / 32.3 MiB)
Downloading [4/4] artifacts (31.0 MiB / 32.3 MiB)
Downloading [4/4] artifacts (31.1 MiB / 32.3 MiB)
Downloading [4/4] artifacts (31.1 MiB / 32.3 MiB)
Downloading [4/4] artifacts (31.1 MiB / 32.3 MiB)
Downloading [4/4] artifacts (31.1 MiB / 32.3 MiB)
Downloading [4/4] artifacts (31.1 MiB / 32.3 MiB)
Downloading [4/4] artifacts (31.1 MiB / 32.3 MiB)
Downloading [4/4] artifacts (31.2 MiB / 32.3 MiB)
Downloading [4/4] artifacts (31.2 MiB / 32.3 MiB)
Downloading [4/4] artifacts (31.2 MiB / 32.3 MiB)
Downloading [4/4] artifacts (31.2 MiB / 32.3 MiB)
Downloading [4/4] artifacts (31.2 MiB / 32.3 MiB)
Downloading [4/4] artifacts (31.2 MiB / 32.3 MiB)
Downloading [4/4] artifacts (31.2 MiB / 32.3 MiB)
Downloading [4/4] artifacts (31.3 MiB / 32.3 MiB)
Downloading [4/4] artifacts (31.3 MiB / 32.3 MiB)
Downloading [4/4] artifacts (31.3 MiB / 32.3 MiB)
Downloading [4/4] artifacts (31.3 MiB / 32.3 MiB)
Downloading [4/4] artifacts (31.3 MiB / 32.3 MiB)
Downloading [4/4] artifacts (31.3 MiB / 32.3 MiB)
Downloading [4/4] artifacts (31.3 MiB / 32.3 MiB)
Downloading [4/4] artifacts (31.4 MiB / 32.3 MiB)
Downloading [4/4] artifacts (31.4 MiB / 32.3 MiB)
Downloading [4/4] artifacts (31.4 MiB / 32.3 MiB)
Downloading [4/4] artifacts (31.4 MiB / 32.3 MiB)
Downloading [4/4] artifacts (31.4 MiB / 32.3 MiB)
Downloading [4/4] artifacts (31.4 MiB / 32.3 MiB)
Downloading [4/4] artifacts (31.5 MiB / 32.3 MiB)
Downloading [4/4] artifacts (31.5 MiB / 32.3 MiB)
Downloading [4/4] artifacts (31.5 MiB / 32.3 MiB)
Downloading [4/4] artifacts (31.5 MiB / 32.3 MiB)
Downloading [4/4] artifacts (31.5 MiB / 32.3 MiB)
Downloading [4/4] artifacts (31.5 MiB / 32.3 MiB)
Downloading [4/4] artifacts (31.5 MiB / 32.3 MiB)
Downloading [4/4] artifacts (31.6 MiB / 32.3 MiB)
Downloading [4/4] artifacts (31.6 MiB / 32.3 MiB)
Downloading [4/4] artifacts (31.6 MiB / 32.3 MiB)
Downloading [4/4] artifacts (31.6 MiB / 32.3 MiB)
Downloading [4/4] artifacts (31.6 MiB / 32.3 MiB)
Downloading [4/4] artifacts (31.6 MiB / 32.3 MiB)
Downloading [4/4] artifacts (31.7 MiB / 32.3 MiB)
Downloading [4/4] artifacts (31.7 MiB / 32.3 MiB)
Downloading [4/4] artifacts (31.7 MiB / 32.3 MiB)
Downloading [4/4] artifacts (31.7 MiB / 32.3 MiB)
Downloading [4/4] artifacts (31.7 MiB / 32.3 MiB)
Downloading [4/4] artifacts (31.7 MiB / 32.3 MiB)
Downloading [4/4] artifacts (31.7 MiB / 32.3 MiB)
Downloading [4/4] artifacts (31.8 MiB / 32.3 MiB)
Downloading [4/4] artifacts (31.8 MiB / 32.3 MiB)
Downloading [4/4] artifacts (31.8 MiB / 32.3 MiB)
Downloading [4/4] artifacts (31.8 MiB / 32.3 MiB)
Downloading [4/4] artifacts (31.8 MiB / 32.3 MiB)
Downloading [4/4] artifacts (31.8 MiB / 32.3 MiB)
Downloading [4/4] artifacts (31.9 MiB / 32.3 MiB)
Downloading [4/4] artifacts (31.9 MiB / 32.3 MiB)
Downloading [4/4] artifacts (31.9 MiB / 32.3 MiB)
Downloading [4/4] artifacts (31.9 MiB / 32.3 MiB)
Downloading [4/4] artifacts (31.9 MiB / 32.3 MiB)
Downloading [4/4] artifacts (31.9 MiB / 32.3 MiB)
Downloading [4/4] artifacts (32.0 MiB / 32.3 MiB)
Downloading [4/4] artifacts (32.0 MiB / 32.3 MiB)
Downloading [4/4] artifacts (32.0 MiB / 32.3 MiB)
Downloading [4/4] artifacts (32.0 MiB / 32.3 MiB)
Downloading [4/4] artifacts (32.0 MiB / 32.3 MiB)
Downloading [4/4] artifacts (32.0 MiB / 32.3 MiB)
Downloading [4/4] artifacts (32.0 MiB / 32.3 MiB)
Downloading [4/4] artifacts (32.1 MiB / 32.3 MiB)
Downloading [4/4] artifacts (32.1 MiB / 32.3 MiB)
Downloading [4/4] artifacts (32.1 MiB / 32.3 MiB)
Downloading [4/4] artifacts (32.1 MiB / 32.3 MiB)
Downloading [4/4] artifacts (32.1 MiB / 32.3 MiB)
Downloading [4/4] artifacts (32.1 MiB / 32.3 MiB)
Downloading [4/4] artifacts (32.2 MiB / 32.3 MiB)
Downloading [4/4] artifacts (32.2 MiB / 32.3 MiB)
Downloading [4/4] artifacts (32.2 MiB / 32.3 MiB)
Downloading [4/4] artifacts (32.2 MiB / 32.3 MiB)
Downloading [4/4] artifacts (32.2 MiB / 32.3 MiB)
Downloading [4/4] artifacts (32.2 MiB / 32.3 MiB)
Downloading [4/4] artifacts (32.2 MiB / 32.3 MiB)
Downloading [4/4] artifacts (32.3 MiB / 32.3 MiB)
Downloading [4/4] artifacts (32.3 MiB / 32.3 MiB)
Downloading [4/4] artifacts (32.3 MiB / 32.3 MiB)
Downloading [4/4] artifacts (32.3 MiB / 32.3 MiB)
Downloading [4/4] artifacts (32.3 MiB / 32.3 MiB)
Downloading [4/4] artifacts (32.3 MiB / 32.3 MiB)
Downloading [4/4] artifacts (32.3 MiB / 32.3 MiB)
Downloading [4/4] artifacts (32.3 MiB / 32.3 MiB)
