compiling 1 Scala source to out/shifts10Trace.scala/compile0.dest/classes ...
[[33mwarn[39m] [33mout/shifts10Trace.scala/allSourceFiles.dest/shifts10Trace.scala[0m:[33m605[0m:[33m484[0m
[0m[33mtype[0m [36mmain[0m = mainargs.[32mmain[0m; [33mprivate[0m [33mdef[0m shifts10Trace_scala_millScriptMainSelf = [33mthis[0m; [33mobject[0m [33mMillScriptMain_shifts10Trace_scala[0m { [33mdef[0m main(args: [33mArray[0m[[33mString[0m]): [33mUnit[0m = [33mthis[0m.getClass.getMethods.find(m => m.getName == [32m"main"[0m && m.getParameters.map(_.getType) == [33mSeq[0m(classOf[[33mArray[0m[[33mString[0m]]) && m.getReturnType == classOf[[33mUnit[0m]) [33mmatch[0m{ [33mcase[0m [33mSome[0m(m) => m.invoke(shifts10Trace_scala_millScriptMainSelf, args); [33mcase[0m [33mNone[0m => mainargs.[33mParser[0m(shifts10Trace_scala_millScriptMainSelf).runOrExit(args) }}
                                                                                                                                                                                                                                                                                                                                                                                                                                                                                                   [33m^[0m
[33mmethod[0m [32mcopyArrayToImmutableIndexedSeq[0m in [33mclass[0m [32mLowPriorityImplicits2[0m is deprecated since 2.13.0: implicit conversions from Array to immutable.IndexedSeq are implemented by copying; use `toIndexedSeq` explicitly if you want to copy, or use the more efficient non-copying ArraySeq.unsafeWrapArray

[[33mwarn[39m] [33mout/shifts10Trace.scala/allSourceFiles.dest/shifts10Trace.scala[0m:[33m32[0m:[33m5[0m
[0m    r [33mmatch[0m {
    [33m^[0m
[33mmatch[0m may not be exhaustive.

It would fail on pattern case: Rexp.OPTIONAL(_), Rexp.AND(_, _)


[[33mwarn[39m] [33mout/shifts10Trace.scala/allSourceFiles.dest/shifts10Trace.scala[0m:[33m380[0m:[33m5[0m
[0m    r [33mmatch[0m {
    [33m^[0m
[33mmatch[0m may not be exhaustive.

It would fail on pattern case: Rexp.OPTIONAL(_), Rexp.AND(_, _)


[[33mwarn[39m] [33mout/shifts10Trace.scala/allSourceFiles.dest/shifts10Trace.scala[0m:[33m402[0m:[33m12[0m
[0m      [33mcase[0m STAR(r) =>
           [33m^^^^^^^[0m
Unreachable case

[[33mwarn[39m] [33mout/shifts10Trace.scala/allSourceFiles.dest/shifts10Trace.scala[0m:[33m450[0m:[33m5[0m
[0m    r [33mmatch[0m {
    [33m^[0m
[33mmatch[0m may not be exhaustive.

It would fail on pattern case: Rexp.OPTIONAL(_), Rexp.AND(_, _)


[[33mwarn[39m] 5 warnings found
done compiling
